// Jest Snapshot v1, https://goo.gl/fbAQLP

exports[`Test MenuItem component should be rendered without crashing 1`] = `[Function]`;
