// Jest Snapshot v1, https://goo.gl/fbAQLP

exports[`Test Rna Editor Expanded component should render correctly in edit mode 1`] = `
<div
  class="css-zbq0po"
  data-testid="rna-editor-expanded"
>
  <div
    class="css-19lk7et"
  >
    <input
      class="css-9fgya1"
      placeholder="Name your structure"
      value="MyRna"
    />
    <span
      class="css-1o94icx"
    />
  </div>
  <div
    class="css-s3o4ys"
  >
    <div
      class="css-1b10s7n"
      data-testid="rna-builder-slot--sugar"
    >
      <svg
        class="css-1418ssm"
        fill="none"
        height="20"
        stroke-width="2"
        viewBox="0 0 20 20"
        width="20"
        xmlns="http://www.w3.org/2000/svg"
      >
        <rect
          fill="currentColor"
          height="18"
          rx="1"
          width="18"
          x="1"
          y="1"
        />
      </svg>
      <div
        class="css-j7qwjs"
      >
        <span
          class="css-9c7r58"
        >
          Sugar
        </span>
        <span
          class="css-1mtxt16"
        >
          Not selected
        </span>
      </div>
    </div>
    <div
      class="css-1b10s7n"
      data-testid="rna-builder-slot--base"
    >
      <svg
        class="css-1s5dbvi"
        fill="none"
        height="25"
        stroke-width="2"
        transform="translate(-3)"
        viewBox="0 0 26 25"
        width="26"
        xmlns="http://www.w3.org/2000/svg"
      >
        <rect
          fill="currentColor"
          height="15.013"
          rx="1"
          transform="rotate(45 13 1.414)"
          width="15.013"
          x="13"
          y="1.414"
        />
        <rect
          height="15.013"
          rx="1"
          stroke="currentColor"
          transform="rotate(45 13 1.414)"
          width="15.013"
          x="13"
          y="1.414"
        />
      </svg>
      <div
        class="css-j7qwjs"
      >
        <span
          class="css-9c7r58"
        >
          Base
        </span>
        <span
          class="css-1mtxt16"
        >
          Not selected
        </span>
      </div>
    </div>
    <div
      class="css-1b10s7n"
      data-testid="rna-builder-slot--phosphate"
    >
      <svg
        class="css-b18d6u"
        fill="none"
        height="24"
        stroke-width="2"
        transform="translate(-2)"
        viewBox="0 0 24 24"
        width="24"
        xmlns="http://www.w3.org/2000/svg"
      >
        <rect
          fill="currentColor"
          height="18"
          rx="9"
          width="18"
          x="3"
          y="3"
        />
        <rect
          height="18"
          rx="9"
          stroke="currentColor"
          width="18"
          x="3"
          y="3"
        />
      </svg>
      <div
        class="css-j7qwjs"
      >
        <span
          class="css-9c7r58"
        >
          Phosphate
        </span>
        <span
          class="css-1mtxt16"
        >
          Not selected
        </span>
      </div>
    </div>
  </div>
  <div
    class="css-1iug9fi"
  >
    <button
      class="css-1971dyf"
      data-testid="cancel-btn"
    >
      Cancel
    </button>
    <button
      class="css-4dyvry"
      data-testid="add-to-presets-btn"
    >
      Add to Presets
    </button>
  </div>
</div>
`;

exports[`Test Rna Editor Expanded component should render correctly in view mode 1`] = `
<div
  class="css-zbq0po"
  data-testid="rna-editor-expanded"
>
  <div
    class="css-19lk7et"
  >
    <div
      class="css-1o4wo1x"
    >
      MyRna
    </div>
    <span
      class="css-1o94icx"
    />
  </div>
  <div
    class="css-s3o4ys"
  >
    <div
      class="css-1u2se0o"
      data-testid="rna-builder-slot--sugar"
    >
      <svg
        class="css-1418ssm"
        fill="none"
        height="20"
        stroke-width="2"
        viewBox="0 0 20 20"
        width="20"
        xmlns="http://www.w3.org/2000/svg"
      >
        <rect
          fill="currentColor"
          height="18"
          rx="1"
          width="18"
          x="1"
          y="1"
        />
      </svg>
      <div
        class="css-j7qwjs"
      >
        <span
          class="css-9c7r58"
        >
          Sugar
        </span>
        <span
          class="css-1mtxt16"
        >
          Not selected
        </span>
      </div>
    </div>
    <div
      class="css-1u2se0o"
      data-testid="rna-builder-slot--base"
    >
      <svg
        class="css-1s5dbvi"
        fill="none"
        height="25"
        stroke-width="2"
        transform="translate(-3)"
        viewBox="0 0 26 25"
        width="26"
        xmlns="http://www.w3.org/2000/svg"
      >
        <rect
          fill="currentColor"
          height="15.013"
          rx="1"
          transform="rotate(45 13 1.414)"
          width="15.013"
          x="13"
          y="1.414"
        />
        <rect
          height="15.013"
          rx="1"
          stroke="currentColor"
          transform="rotate(45 13 1.414)"
          width="15.013"
          x="13"
          y="1.414"
        />
      </svg>
      <div
        class="css-j7qwjs"
      >
        <span
          class="css-9c7r58"
        >
          Base
        </span>
        <span
          class="css-1mtxt16"
        >
          Not selected
        </span>
      </div>
    </div>
    <div
      class="css-1u2se0o"
      data-testid="rna-builder-slot--phosphate"
    >
      <svg
        class="css-b18d6u"
        fill="none"
        height="24"
        stroke-width="2"
        transform="translate(-2)"
        viewBox="0 0 24 24"
        width="24"
        xmlns="http://www.w3.org/2000/svg"
      >
        <rect
          fill="currentColor"
          height="18"
          rx="9"
          width="18"
          x="3"
          y="3"
        />
        <rect
          height="18"
          rx="9"
          stroke="currentColor"
          width="18"
          x="3"
          y="3"
        />
      </svg>
      <div
        class="css-j7qwjs"
      >
        <span
          class="css-9c7r58"
        >
          Phosphate
        </span>
        <span
          class="css-1mtxt16"
        >
          Not selected
        </span>
      </div>
    </div>
  </div>
  <div
    class="css-1iug9fi"
  >
    <button
      class="css-1971dyf"
      data-testid="duplicate-btn"
    >
      Duplicate and Edit
    </button>
    <button
      class="css-1971dyf"
      data-testid="edit-btn"
    >
      Edit
    </button>
  </div>
</div>
`;
