// Jest Snapshot v1, https://goo.gl/fbAQLP

exports[`Test Rna Preset Group component should render 1`] = `
<div
  class="css-1jn33hb"
  data-testid="rna-preset-group"
>
  <div
    class="css-14bnc38"
  >
    <div
      class="css-18vlgix"
      data-rna-preset-item-name="U"
      data-testid="U_U_R_P"
    >
      <span>
        U
      </span>
      <svg
        class="dots hidden css-1qr96ji"
        fill="none"
        height="16"
        viewBox="0 0 16 16"
        width="16"
        xmlns="http://www.w3.org/2000/svg"
      >
        <circle
          cx="8"
          cy="3.5"
          fill="#7C7C7F"
          r="1.5"
        />
        <circle
          cx="8"
          cy="8"
          fill="#7C7C7F"
          r="1.5"
        />
        <circle
          cx="8"
          cy="12.5"
          fill="#7C7C7F"
          r="1.5"
        />
      </svg>
      <div
        aria-hidden="true"
        class="star "
      >
        â˜…
      </div>
    </div>
  </div>
</div>
`;
