// Jest Snapshot v1, https://goo.gl/fbAQLP

exports[`Editor should be rendered correctly 1`] = `
Object {
  "asFragment": [Function],
  "baseElement": <body>
    <div>
      <div
        class="Ketcher-polymer-editor-root"
      >
        <div
          class="css-1t581ze"
        >
          <div
            class="css-1vi3qlv"
          >
            <div
              class="css-2df9n"
            >
              <div
                class="css-10qeqvw"
              >
                <div
                  class="css-12wx08y"
                >
                  <div
                    class="css-5su45f"
                  >
                    <li
                      class="MuiMenuItem-root MuiMenuItem-gutters MuiButtonBase-root css-sxwttn-MuiButtonBase-root-MuiMenuItem-root-StyledMenuButton"
                      role="menuitem"
                      tabindex="-1"
                    >
                      <icon-open.svg
                        fill="#525252"
                        role="img"
                      />
                      <span
                        class="MuiTouchRipple-root css-8je8zh-MuiTouchRipple-root"
                      />
                    </li>
                    <div
                      class="css-clax1l"
                    >
                      <icon-dropdown.svg
                        fill="#525252"
                        role="img"
                      />
                    </div>
                  </div>
                </div>
              </div>
              <div
                class="css-10qeqvw"
              >
                <li
                  class="MuiMenuItem-root MuiMenuItem-gutters MuiButtonBase-root css-sxwttn-MuiButtonBase-root-MuiMenuItem-root-StyledMenuButton"
                  role="menuitem"
                  tabindex="-1"
                >
                  <icon-undo.svg
                    fill="#525252"
                    role="img"
                  />
                  <span
                    class="MuiTouchRipple-root css-8je8zh-MuiTouchRipple-root"
                  />
                </li>
              </div>
              <div
                class="css-10qeqvw"
              >
                <li
                  class="MuiMenuItem-root MuiMenuItem-gutters MuiButtonBase-root css-sxwttn-MuiButtonBase-root-MuiMenuItem-root-StyledMenuButton"
                  role="menuitem"
                  tabindex="-1"
                >
                  <icon-erase.svg
                    fill="#525252"
                    role="img"
                  />
                  <span
                    class="MuiTouchRipple-root css-8je8zh-MuiTouchRipple-root"
                  />
                </li>
                <div
                  class="css-12wx08y"
                >
                  <div
                    class="css-5su45f"
                  >
                    <li
                      class="MuiMenuItem-root MuiMenuItem-gutters MuiButtonBase-root css-sxwttn-MuiButtonBase-root-MuiMenuItem-root-StyledMenuButton"
                      role="menuitem"
                      tabindex="-1"
                    >
                      <icon-select-lasso.svg
                        fill="#525252"
                        role="img"
                      />
                      <span
                        class="MuiTouchRipple-root css-8je8zh-MuiTouchRipple-root"
                      />
                    </li>
                    <div
                      class="css-clax1l"
                    >
                      <icon-dropdown.svg
                        fill="#525252"
                        role="img"
                      />
                    </div>
                  </div>
                </div>
                <div
                  class="css-12wx08y"
                >
                  <div
                    class="css-5su45f"
                  >
                    <li
                      class="MuiMenuItem-root MuiMenuItem-gutters MuiButtonBase-root css-sxwttn-MuiButtonBase-root-MuiMenuItem-root-StyledMenuButton"
                      role="menuitem"
                      tabindex="-1"
                    >
                      <icon-rectangle.svg
                        fill="#525252"
                        role="img"
                      />
                      <span
                        class="MuiTouchRipple-root css-8je8zh-MuiTouchRipple-root"
                      />
                    </li>
                    <div
                      class="css-clax1l"
                    >
                      <icon-dropdown.svg
                        fill="#525252"
                        role="img"
                      />
                    </div>
                  </div>
                </div>
                <div
                  class="css-12wx08y"
                >
                  <div
                    class="css-5su45f"
                  >
                    <li
                      class="MuiMenuItem-root MuiMenuItem-gutters MuiButtonBase-root css-sxwttn-MuiButtonBase-root-MuiMenuItem-root-StyledMenuButton"
                      role="menuitem"
                      tabindex="-1"
                    >
                      <icon-rotate.svg
                        fill="#525252"
                        role="img"
                      />
                      <span
                        class="MuiTouchRipple-root css-8je8zh-MuiTouchRipple-root"
                      />
                    </li>
                    <div
                      class="css-clax1l"
                    >
                      <icon-dropdown.svg
                        fill="#525252"
                        role="img"
                      />
                    </div>
                  </div>
                </div>
              </div>
              <div
                class="css-10qeqvw"
              >
                <li
                  class="MuiMenuItem-root MuiMenuItem-gutters MuiButtonBase-root css-sxwttn-MuiButtonBase-root-MuiMenuItem-root-StyledMenuButton"
                  role="menuitem"
                  tabindex="-1"
                >
                  <icon-single-bond.svg
                    fill="#525252"
                    role="img"
                  />
                  <span
                    class="MuiTouchRipple-root css-8je8zh-MuiTouchRipple-root"
                  />
                </li>
              </div>
              <div
                class="css-10qeqvw"
              >
                <li
                  class="MuiMenuItem-root MuiMenuItem-gutters MuiButtonBase-root css-sxwttn-MuiButtonBase-root-MuiMenuItem-root-StyledMenuButton"
                  role="menuitem"
                  tabindex="-1"
                >
                  <icon-bracket.svg
                    fill="#525252"
                    role="img"
                  />
                  <span
                    class="MuiTouchRipple-root css-8je8zh-MuiTouchRipple-root"
                  />
                </li>
              </div>
              <span
                class="css-1cc6zxx"
              />
              <div
                class="css-10qeqvw"
              >
                <li
                  class="MuiMenuItem-root MuiMenuItem-gutters MuiButtonBase-root css-sxwttn-MuiButtonBase-root-MuiMenuItem-root-StyledMenuButton"
                  role="menuitem"
                  tabindex="-1"
                >
                  <icon-settings.svg
                    fill="#525252"
                    role="img"
                  />
                  <span
                    class="MuiTouchRipple-root css-8je8zh-MuiTouchRipple-root"
                  />
                </li>
                <li
                  class="MuiMenuItem-root MuiMenuItem-gutters MuiButtonBase-root css-sxwttn-MuiButtonBase-root-MuiMenuItem-root-StyledMenuButton"
                  role="menuitem"
                  tabindex="-1"
                >
                  <icon-help.svg
                    fill="#525252"
                    role="img"
                  />
                  <span
                    class="MuiTouchRipple-root css-8je8zh-MuiTouchRipple-root"
                  />
                </li>
              </div>
            </div>
            <div
              class="css-u1jr60"
            />
          </div>
          <div
            class="css-m8lv4h"
          >
            <div
              class="css-510djb"
            >
              <div
                class="css-1pnoyrz"
              />
              <div
                class="css-u514l3"
              >
                <div
                  class="css-rjvpm5"
                >
                  <div
                    class="MuiFormControl-root css-1nrlq1o-MuiFormControl-root"
                  >
                    <div
                      class="MuiOutlinedInput-root MuiInputBase-root MuiInputBase-colorPrimary MuiInputBase-fullWidth MuiInputBase-formControl css-objd0-MuiInputBase-root-MuiOutlinedInput-root-MuiSelect-root"
                    >
                      <div
                        aria-expanded="false"
                        aria-haspopup="listbox"
                        class="MuiSelect-select MuiSelect-outlined MuiOutlinedInput-input MuiInputBase-input css-11u53oe-MuiSelect-select-MuiInputBase-input-MuiOutlinedInput-input"
                        role="button"
                        tabindex="0"
                      >
                        <span>
                          HELM Notation
                        </span>
                      </div>
                      <input
                        aria-hidden="true"
                        class="MuiSelect-nativeInput css-yf8vq0-MuiSelect-nativeInput"
                        tabindex="-1"
                        value="1"
                      />
                      <icon-chevron.svg
                        classname="MuiSelect-icon MuiSelect-iconOutlined css-1bn8sss-MuiSelect-icon"
                        fill="#525252"
                        role="img"
                      />
                      <fieldset
                        aria-hidden="true"
                        class="MuiOutlinedInput-notchedOutline css-1d3z3hw-MuiOutlinedInput-notchedOutline"
                      >
                        <legend
                          class="css-hdw1oc"
                        >
                          <span
                            class="notranslate"
                          >
                            ​
                          </span>
                        </legend>
                      </fieldset>
                    </div>
                  </div>
                  <div
                    class="css-1f5gut4"
                  >
                    <div
                      class="css-1il5ut8"
                    >
                      <textarea
                        class="css-7w0kcs"
                        style="height: 0px;"
                      />
                      <span
                        class="css-1yn5le4"
                      >
                        ...
                      </span>
                      <textarea
                        aria-hidden="true"
                        class="css-bxh8x7"
                      />
                    </div>
                  </div>
                  <button
                    class="MuiButtonBase-root Mui-disabled css-1u2dyik-MuiButtonBase-root"
                    disabled=""
                    role="button"
                    tabindex="-1"
                    title="Add to Canvas"
                    type="button"
                  >
                    Add to Canvas
                  </button>
                </div>
              </div>
              <div
                class="css-1pnoyrz"
              />
            </div>
            <div
              class="css-v2kfba"
            />
          </div>
          <div
            class="css-1vi3qlv"
          >
            <div
              class="css-2df9n"
            >
              <div
                class="css-1022zy"
              >
                <div
                  class="MuiTabs-root css-o3c7w6-MuiTabs-root"
                >
                  <div
                    class="MuiTabs-scroller MuiTabs-fixed css-jpln7h-MuiTabs-scroller"
                    style="overflow: hidden; margin-bottom: 0px;"
                  >
                    <div
                      class="MuiTabs-flexContainer css-heg063-MuiTabs-flexContainer"
                      role="tablist"
                    >
                      <button
                        aria-controls="simple-tabpanel-0"
                        aria-selected="true"
                        class="MuiButtonBase-root MuiTab-root MuiTab-textColorPrimary Mui-selected css-30eg2o-MuiButtonBase-root-MuiTab-root"
                        id="simple-tab-0"
                        role="tab"
                        tabindex="0"
                        type="button"
                      >
                        ✩
                        <span
                          class="MuiTouchRipple-root css-8je8zh-MuiTouchRipple-root"
                        />
                      </button>
                      <button
                        aria-controls="simple-tabpanel-1"
                        aria-selected="false"
                        class="MuiButtonBase-root MuiTab-root MuiTab-textColorPrimary css-30eg2o-MuiButtonBase-root-MuiTab-root"
                        id="simple-tab-1"
                        role="tab"
                        tabindex="-1"
                        type="button"
                      >
                        Peptides
                        <span
                          class="MuiTouchRipple-root css-8je8zh-MuiTouchRipple-root"
                        />
                      </button>
                      <button
                        aria-controls="simple-tabpanel-2"
                        aria-selected="false"
                        class="MuiButtonBase-root MuiTab-root MuiTab-textColorPrimary css-30eg2o-MuiButtonBase-root-MuiTab-root"
                        id="simple-tab-2"
                        role="tab"
                        tabindex="-1"
                        type="button"
                      >
                        RNA
                        <span
                          class="MuiTouchRipple-root css-8je8zh-MuiTouchRipple-root"
                        />
                      </button>
                      <button
                        aria-controls="simple-tabpanel-3"
                        aria-selected="false"
                        class="MuiButtonBase-root MuiTab-root MuiTab-textColorPrimary css-30eg2o-MuiButtonBase-root-MuiTab-root"
                        id="simple-tab-3"
                        role="tab"
                        tabindex="-1"
                        type="button"
                      >
                        CHEM
                        <span
                          class="MuiTouchRipple-root css-8je8zh-MuiTouchRipple-root"
                        />
                      </button>
                    </div>
                    <span
                      class="MuiTabs-indicator css-1aquho2-MuiTabs-indicator"
                      style="left: 0px; width: 0px;"
                    />
                  </div>
                </div>
                <div
                  id="0"
                  role="tabpanel"
                >
                  <div
                    class="MuiBox-root css-0"
                  >
                    <div
                      class="css-1pgdic1"
                    />
                  </div>
                </div>
              </div>
            </div>
          </div>
        </div>
        <div
          class="css-1040i3o"
        >
          <span>
            Polymer Editor
          </span>
          <span>
            Ketcher
          </span>
          <span>
            EPAM
          </span>
        </div>
        <div
          class="css-1b8kr7z"
        >
          <li
            class="MuiMenuItem-root MuiMenuItem-gutters MuiButtonBase-root css-sxwttn-MuiButtonBase-root-MuiMenuItem-root-StyledMenuButton"
            role="menuitem"
            tabindex="-1"
          >
            <icon-fullscreen.svg
              fill="#525252"
              role="img"
            />
            <span
              class="MuiTouchRipple-root css-8je8zh-MuiTouchRipple-root"
            />
          </li>
        </div>
      </div>
    </div>
  </body>,
  "container": <div>
    <div
      class="Ketcher-polymer-editor-root"
    >
      <div
        class="css-1t581ze"
      >
        <div
          class="css-1vi3qlv"
        >
          <div
            class="css-2df9n"
          >
            <div
              class="css-10qeqvw"
            >
              <div
                class="css-12wx08y"
              >
                <div
                  class="css-5su45f"
                >
                  <li
                    class="MuiMenuItem-root MuiMenuItem-gutters MuiButtonBase-root css-sxwttn-MuiButtonBase-root-MuiMenuItem-root-StyledMenuButton"
                    role="menuitem"
                    tabindex="-1"
                  >
                    <icon-open.svg
                      fill="#525252"
                      role="img"
                    />
                    <span
                      class="MuiTouchRipple-root css-8je8zh-MuiTouchRipple-root"
                    />
                  </li>
                  <div
                    class="css-clax1l"
                  >
                    <icon-dropdown.svg
                      fill="#525252"
                      role="img"
                    />
                  </div>
                </div>
              </div>
            </div>
            <div
              class="css-10qeqvw"
            >
              <li
                class="MuiMenuItem-root MuiMenuItem-gutters MuiButtonBase-root css-sxwttn-MuiButtonBase-root-MuiMenuItem-root-StyledMenuButton"
                role="menuitem"
                tabindex="-1"
              >
                <icon-undo.svg
                  fill="#525252"
                  role="img"
                />
                <span
                  class="MuiTouchRipple-root css-8je8zh-MuiTouchRipple-root"
                />
              </li>
            </div>
            <div
              class="css-10qeqvw"
            >
              <li
                class="MuiMenuItem-root MuiMenuItem-gutters MuiButtonBase-root css-sxwttn-MuiButtonBase-root-MuiMenuItem-root-StyledMenuButton"
                role="menuitem"
                tabindex="-1"
              >
                <icon-erase.svg
                  fill="#525252"
                  role="img"
                />
                <span
                  class="MuiTouchRipple-root css-8je8zh-MuiTouchRipple-root"
                />
              </li>
              <div
                class="css-12wx08y"
              >
                <div
                  class="css-5su45f"
                >
                  <li
                    class="MuiMenuItem-root MuiMenuItem-gutters MuiButtonBase-root css-sxwttn-MuiButtonBase-root-MuiMenuItem-root-StyledMenuButton"
                    role="menuitem"
                    tabindex="-1"
                  >
                    <icon-select-lasso.svg
                      fill="#525252"
                      role="img"
                    />
                    <span
                      class="MuiTouchRipple-root css-8je8zh-MuiTouchRipple-root"
                    />
                  </li>
                  <div
                    class="css-clax1l"
                  >
                    <icon-dropdown.svg
                      fill="#525252"
                      role="img"
                    />
                  </div>
                </div>
              </div>
              <div
                class="css-12wx08y"
              >
                <div
                  class="css-5su45f"
                >
                  <li
                    class="MuiMenuItem-root MuiMenuItem-gutters MuiButtonBase-root css-sxwttn-MuiButtonBase-root-MuiMenuItem-root-StyledMenuButton"
                    role="menuitem"
                    tabindex="-1"
                  >
                    <icon-rectangle.svg
                      fill="#525252"
                      role="img"
                    />
                    <span
                      class="MuiTouchRipple-root css-8je8zh-MuiTouchRipple-root"
                    />
                  </li>
                  <div
                    class="css-clax1l"
                  >
                    <icon-dropdown.svg
                      fill="#525252"
                      role="img"
                    />
                  </div>
                </div>
              </div>
              <div
                class="css-12wx08y"
              >
                <div
                  class="css-5su45f"
                >
                  <li
                    class="MuiMenuItem-root MuiMenuItem-gutters MuiButtonBase-root css-sxwttn-MuiButtonBase-root-MuiMenuItem-root-StyledMenuButton"
                    role="menuitem"
                    tabindex="-1"
                  >
                    <icon-rotate.svg
                      fill="#525252"
                      role="img"
                    />
                    <span
                      class="MuiTouchRipple-root css-8je8zh-MuiTouchRipple-root"
                    />
                  </li>
                  <div
                    class="css-clax1l"
                  >
                    <icon-dropdown.svg
                      fill="#525252"
                      role="img"
                    />
                  </div>
                </div>
              </div>
            </div>
            <div
              class="css-10qeqvw"
            >
              <li
                class="MuiMenuItem-root MuiMenuItem-gutters MuiButtonBase-root css-sxwttn-MuiButtonBase-root-MuiMenuItem-root-StyledMenuButton"
                role="menuitem"
                tabindex="-1"
              >
                <icon-single-bond.svg
                  fill="#525252"
                  role="img"
                />
                <span
                  class="MuiTouchRipple-root css-8je8zh-MuiTouchRipple-root"
                />
              </li>
            </div>
            <div
              class="css-10qeqvw"
            >
              <li
                class="MuiMenuItem-root MuiMenuItem-gutters MuiButtonBase-root css-sxwttn-MuiButtonBase-root-MuiMenuItem-root-StyledMenuButton"
                role="menuitem"
                tabindex="-1"
              >
                <icon-bracket.svg
                  fill="#525252"
                  role="img"
                />
                <span
                  class="MuiTouchRipple-root css-8je8zh-MuiTouchRipple-root"
                />
              </li>
            </div>
            <span
              class="css-1cc6zxx"
            />
            <div
              class="css-10qeqvw"
            >
              <li
                class="MuiMenuItem-root MuiMenuItem-gutters MuiButtonBase-root css-sxwttn-MuiButtonBase-root-MuiMenuItem-root-StyledMenuButton"
                role="menuitem"
                tabindex="-1"
              >
                <icon-settings.svg
                  fill="#525252"
                  role="img"
                />
                <span
                  class="MuiTouchRipple-root css-8je8zh-MuiTouchRipple-root"
                />
              </li>
              <li
                class="MuiMenuItem-root MuiMenuItem-gutters MuiButtonBase-root css-sxwttn-MuiButtonBase-root-MuiMenuItem-root-StyledMenuButton"
                role="menuitem"
                tabindex="-1"
              >
                <icon-help.svg
                  fill="#525252"
                  role="img"
                />
                <span
                  class="MuiTouchRipple-root css-8je8zh-MuiTouchRipple-root"
                />
              </li>
            </div>
          </div>
          <div
            class="css-u1jr60"
          />
        </div>
        <div
          class="css-m8lv4h"
        >
          <div
            class="css-510djb"
          >
            <div
              class="css-1pnoyrz"
            />
            <div
              class="css-u514l3"
            >
              <div
                class="css-rjvpm5"
              >
                <div
                  class="MuiFormControl-root css-1nrlq1o-MuiFormControl-root"
                >
                  <div
                    class="MuiOutlinedInput-root MuiInputBase-root MuiInputBase-colorPrimary MuiInputBase-fullWidth MuiInputBase-formControl css-objd0-MuiInputBase-root-MuiOutlinedInput-root-MuiSelect-root"
                  >
                    <div
                      aria-expanded="false"
                      aria-haspopup="listbox"
                      class="MuiSelect-select MuiSelect-outlined MuiOutlinedInput-input MuiInputBase-input css-11u53oe-MuiSelect-select-MuiInputBase-input-MuiOutlinedInput-input"
                      role="button"
                      tabindex="0"
                    >
                      <span>
                        HELM Notation
                      </span>
                    </div>
                    <input
                      aria-hidden="true"
                      class="MuiSelect-nativeInput css-yf8vq0-MuiSelect-nativeInput"
                      tabindex="-1"
                      value="1"
                    />
                    <icon-chevron.svg
                      classname="MuiSelect-icon MuiSelect-iconOutlined css-1bn8sss-MuiSelect-icon"
                      fill="#525252"
                      role="img"
                    />
                    <fieldset
                      aria-hidden="true"
                      class="MuiOutlinedInput-notchedOutline css-1d3z3hw-MuiOutlinedInput-notchedOutline"
                    >
                      <legend
                        class="css-hdw1oc"
                      >
                        <span
                          class="notranslate"
                        >
                          ​
                        </span>
                      </legend>
                    </fieldset>
                  </div>
                </div>
                <div
                  class="css-1f5gut4"
                >
                  <div
                    class="css-1il5ut8"
                  >
                    <textarea
                      class="css-7w0kcs"
                      style="height: 0px;"
                    />
                    <span
                      class="css-1yn5le4"
                    >
                      ...
                    </span>
                    <textarea
                      aria-hidden="true"
                      class="css-bxh8x7"
                    />
                  </div>
                </div>
                <button
                  class="MuiButtonBase-root Mui-disabled css-1u2dyik-MuiButtonBase-root"
                  disabled=""
                  role="button"
                  tabindex="-1"
                  title="Add to Canvas"
                  type="button"
                >
                  Add to Canvas
                </button>
              </div>
            </div>
            <div
              class="css-1pnoyrz"
            />
          </div>
          <div
            class="css-v2kfba"
          />
        </div>
        <div
          class="css-1vi3qlv"
        >
          <div
            class="css-2df9n"
          >
            <div
              class="css-1022zy"
            >
              <div
                class="MuiTabs-root css-o3c7w6-MuiTabs-root"
              >
                <div
                  class="MuiTabs-scroller MuiTabs-fixed css-jpln7h-MuiTabs-scroller"
                  style="overflow: hidden; margin-bottom: 0px;"
                >
                  <div
                    class="MuiTabs-flexContainer css-heg063-MuiTabs-flexContainer"
                    role="tablist"
                  >
                    <button
                      aria-controls="simple-tabpanel-0"
                      aria-selected="true"
                      class="MuiButtonBase-root MuiTab-root MuiTab-textColorPrimary Mui-selected css-30eg2o-MuiButtonBase-root-MuiTab-root"
                      id="simple-tab-0"
                      role="tab"
                      tabindex="0"
                      type="button"
                    >
                      ✩
                      <span
                        class="MuiTouchRipple-root css-8je8zh-MuiTouchRipple-root"
                      />
                    </button>
                    <button
                      aria-controls="simple-tabpanel-1"
                      aria-selected="false"
                      class="MuiButtonBase-root MuiTab-root MuiTab-textColorPrimary css-30eg2o-MuiButtonBase-root-MuiTab-root"
                      id="simple-tab-1"
                      role="tab"
                      tabindex="-1"
                      type="button"
                    >
                      Peptides
                      <span
                        class="MuiTouchRipple-root css-8je8zh-MuiTouchRipple-root"
                      />
                    </button>
                    <button
                      aria-controls="simple-tabpanel-2"
                      aria-selected="false"
                      class="MuiButtonBase-root MuiTab-root MuiTab-textColorPrimary css-30eg2o-MuiButtonBase-root-MuiTab-root"
                      id="simple-tab-2"
                      role="tab"
                      tabindex="-1"
                      type="button"
                    >
                      RNA
                      <span
                        class="MuiTouchRipple-root css-8je8zh-MuiTouchRipple-root"
                      />
                    </button>
                    <button
                      aria-controls="simple-tabpanel-3"
                      aria-selected="false"
                      class="MuiButtonBase-root MuiTab-root MuiTab-textColorPrimary css-30eg2o-MuiButtonBase-root-MuiTab-root"
                      id="simple-tab-3"
                      role="tab"
                      tabindex="-1"
                      type="button"
                    >
                      CHEM
                      <span
                        class="MuiTouchRipple-root css-8je8zh-MuiTouchRipple-root"
                      />
                    </button>
                  </div>
                  <span
                    class="MuiTabs-indicator css-1aquho2-MuiTabs-indicator"
                    style="left: 0px; width: 0px;"
                  />
                </div>
              </div>
              <div
                id="0"
                role="tabpanel"
              >
                <div
                  class="MuiBox-root css-0"
                >
                  <div
                    class="css-1pgdic1"
                  />
                </div>
              </div>
            </div>
          </div>
        </div>
      </div>
      <div
        class="css-1040i3o"
      >
        <span>
          Polymer Editor
        </span>
        <span>
          Ketcher
        </span>
        <span>
          EPAM
        </span>
      </div>
      <div
        class="css-1b8kr7z"
      >
        <li
          class="MuiMenuItem-root MuiMenuItem-gutters MuiButtonBase-root css-sxwttn-MuiButtonBase-root-MuiMenuItem-root-StyledMenuButton"
          role="menuitem"
          tabindex="-1"
        >
          <icon-fullscreen.svg
            fill="#525252"
            role="img"
          />
          <span
            class="MuiTouchRipple-root css-8je8zh-MuiTouchRipple-root"
          />
        </li>
      </div>
    </div>
  </div>,
  "debug": [Function],
  "findAllByAltText": [Function],
  "findAllByDisplayValue": [Function],
  "findAllByLabelText": [Function],
  "findAllByPlaceholderText": [Function],
  "findAllByRole": [Function],
  "findAllByTestId": [Function],
  "findAllByText": [Function],
  "findAllByTitle": [Function],
  "findByAltText": [Function],
  "findByDisplayValue": [Function],
  "findByLabelText": [Function],
  "findByPlaceholderText": [Function],
  "findByRole": [Function],
  "findByTestId": [Function],
  "findByText": [Function],
  "findByTitle": [Function],
  "getAllByAltText": [Function],
  "getAllByDisplayValue": [Function],
  "getAllByLabelText": [Function],
  "getAllByPlaceholderText": [Function],
  "getAllByRole": [Function],
  "getAllByTestId": [Function],
  "getAllByText": [Function],
  "getAllByTitle": [Function],
  "getByAltText": [Function],
  "getByDisplayValue": [Function],
  "getByLabelText": [Function],
  "getByPlaceholderText": [Function],
  "getByRole": [Function],
  "getByTestId": [Function],
  "getByText": [Function],
  "getByTitle": [Function],
  "queryAllByAltText": [Function],
  "queryAllByDisplayValue": [Function],
  "queryAllByLabelText": [Function],
  "queryAllByPlaceholderText": [Function],
  "queryAllByRole": [Function],
  "queryAllByTestId": [Function],
  "queryAllByText": [Function],
  "queryAllByTitle": [Function],
  "queryByAltText": [Function],
  "queryByDisplayValue": [Function],
  "queryByLabelText": [Function],
  "queryByPlaceholderText": [Function],
  "queryByRole": [Function],
  "queryByTestId": [Function],
  "queryByText": [Function],
  "queryByTitle": [Function],
  "rerender": [Function],
  "unmount": [Function],
}
`;
