// Jest Snapshot v1, https://goo.gl/fbAQLP

exports[`FileDrop component should render correctly 1`] = `
Object {
  "asFragment": [Function],
  "baseElement": <body>
    <div>
      <div
        role="button"
        style="width: 100%; height: 100%; display: flex; align-items: center; flex-direction: column; justify-content: space-around;"
        tabindex="0"
      >
        <input
          autocomplete="off"
          style="display: none;"
          tabindex="-1"
          type="file"
        />
        <div
          class="css-1gnig72"
        >
          <button
            class="MuiButtonBase-root css-1u2dyik-MuiButtonBase-root"
            role="button"
            tabindex="0"
            title="Open from file"
            type="button"
          >
            Open from file
            <span
              class="MuiTouchRipple-root css-8je8zh-MuiTouchRipple-root"
            />
          </button>
          <span>
            or drag file here
          </span>
        </div>
      </div>
    </div>
  </body>,
  "container": <div>
    <div
      role="button"
      style="width: 100%; height: 100%; display: flex; align-items: center; flex-direction: column; justify-content: space-around;"
      tabindex="0"
    >
      <input
        autocomplete="off"
        style="display: none;"
        tabindex="-1"
        type="file"
      />
      <div
        class="css-1gnig72"
      >
        <button
          class="MuiButtonBase-root css-1u2dyik-MuiButtonBase-root"
          role="button"
          tabindex="0"
          title="Open from file"
          type="button"
        >
          Open from file
          <span
            class="MuiTouchRipple-root css-8je8zh-MuiTouchRipple-root"
          />
        </button>
        <span>
          or drag file here
        </span>
      </div>
    </div>
  </div>,
  "debug": [Function],
  "findAllByAltText": [Function],
  "findAllByDisplayValue": [Function],
  "findAllByLabelText": [Function],
  "findAllByPlaceholderText": [Function],
  "findAllByRole": [Function],
  "findAllByTestId": [Function],
  "findAllByText": [Function],
  "findAllByTitle": [Function],
  "findByAltText": [Function],
  "findByDisplayValue": [Function],
  "findByLabelText": [Function],
  "findByPlaceholderText": [Function],
  "findByRole": [Function],
  "findByTestId": [Function],
  "findByText": [Function],
  "findByTitle": [Function],
  "getAllByAltText": [Function],
  "getAllByDisplayValue": [Function],
  "getAllByLabelText": [Function],
  "getAllByPlaceholderText": [Function],
  "getAllByRole": [Function],
  "getAllByTestId": [Function],
  "getAllByText": [Function],
  "getAllByTitle": [Function],
  "getByAltText": [Function],
  "getByDisplayValue": [Function],
  "getByLabelText": [Function],
  "getByPlaceholderText": [Function],
  "getByRole": [Function],
  "getByTestId": [Function],
  "getByText": [Function],
  "getByTitle": [Function],
  "queryAllByAltText": [Function],
  "queryAllByDisplayValue": [Function],
  "queryAllByLabelText": [Function],
  "queryAllByPlaceholderText": [Function],
  "queryAllByRole": [Function],
  "queryAllByTestId": [Function],
  "queryAllByText": [Function],
  "queryAllByTitle": [Function],
  "queryByAltText": [Function],
  "queryByDisplayValue": [Function],
  "queryByLabelText": [Function],
  "queryByPlaceholderText": [Function],
  "queryByRole": [Function],
  "queryByTestId": [Function],
  "queryByText": [Function],
  "queryByTitle": [Function],
  "rerender": [Function],
  "unmount": [Function],
}
`;
