// Jest Snapshot v1, https://goo.gl/fbAQLP

exports[`Save modal renders correctly 1`] = `
Object {
  "asFragment": [Function],
  "baseElement": <body
    style="padding-right: 1024px; overflow: hidden;"
  >
    <div
      aria-hidden="true"
    />
    <div
      class="MuiDialog-root MuiModal-root css-1d12nfn-MuiModal-root-MuiDialog-root"
      role="presentation"
    >
      <div
        aria-hidden="true"
        class="MuiBackdrop-root MuiModal-backdrop css-yiavyu-MuiBackdrop-root-MuiDialog-backdrop"
        style="opacity: 0.4; background: rgba(94, 94, 94, 0.8); webkit-transition: opacity 225ms cubic-bezier(0.4, 0, 0.2, 1) 0ms; transition: opacity 225ms cubic-bezier(0.4, 0, 0.2, 1) 0ms;"
      />
      <div
        data-testid="sentinelStart"
        tabindex="0"
      />
      <div
        class="MuiDialog-container MuiDialog-scrollPaper css-hz1bth-MuiDialog-container"
        role="presentation"
        style="opacity: 1; webkit-transition: opacity 225ms cubic-bezier(0.4, 0, 0.2, 1) 0ms; transition: opacity 225ms cubic-bezier(0.4, 0, 0.2, 1) 0ms;"
        tabindex="-1"
      >
        <div
          aria-labelledby=":r0:"
          class="MuiPaper-root MuiPaper-elevation MuiPaper-rounded MuiPaper-elevation24 MuiDialog-paper MuiDialog-paperScrollPaper MuiDialog-paperWidthSm css-1t1j96h-MuiPaper-root-MuiDialog-paper"
          role="dialog"
          style="background: rgb(255, 255, 255); border-radius: 8px; color: rgb(51, 51, 51);"
        >
          <h2
            class="MuiTypography-root MuiTypography-h6 MuiDialogTitle-root css-o07hi-MuiTypography-root-MuiDialogTitle-root"
            id=":r0:"
          >
            <div
              class="css-1uarmuk"
            >
              save structure
            </div>
            <span>
              <button
                class="MuiButtonBase-root MuiIconButton-root MuiIconButton-sizeMedium css-78trlr-MuiButtonBase-root-MuiIconButton-root"
                tabindex="0"
                title="Close window"
                type="button"
              >
                <svg
                  class="css-1td8dcm"
                  fill="none"
                  height="24"
                  viewBox="0 0 24 24"
                  width="24"
                  xmlns="http://www.w3.org/2000/svg"
                >
                  <path
                    d="M13.462 12.046l6.37 6.37-1.413 1.415-6.371-6.371-6.327 6.326-1.414-1.414 6.327-6.326-6.372-6.372L5.676 4.26l6.372 6.372 6.417-6.418 1.414 1.414-6.417 6.418z"
                    fill="currentColor"
                  />
                </svg>
                <span
                  class="MuiTouchRipple-root css-8je8zh-MuiTouchRipple-root"
                />
              </button>
            </span>
          </h2>
          <div
            class="MuiDialogContent-root css-1wbmh3t-MuiDialogContent-root"
          >
            <form
              class="css-1o4x0h8"
              id="save"
            >
              <div
                class="css-1abudc7"
                style="padding: 12px 12px 10px;"
              >
                <div>
                  <label
                    class="css-zv32v0"
                    for="filename"
                  >
                    <span>
                      File name:
                    </span>
                    <input
                      class="css-1w4st8l"
                      id="filename"
                      type="text"
                      value="ketcher"
                    />
                  </label>
                </div>
                <div
                  class="MuiFormControl-root css-1x3s1gv-MuiFormControl-root"
                >
                  <label
                    for="fileformat"
                  >
                    File format:
                  </label>
                  <div
                    class="MuiInputBase-root MuiOutlinedInput-root MuiInputBase-colorPrimary MuiInputBase-fullWidth MuiInputBase-formControl css-1h8rp84-MuiInputBase-root-MuiOutlinedInput-root-MuiSelect-root"
                    data-testid="dropdown-select"
                  >
                    <div
                      aria-controls=":r1:"
                      aria-expanded="false"
                      aria-haspopup="listbox"
                      class="MuiSelect-select MuiSelect-outlined MuiInputBase-input MuiOutlinedInput-input css-11u53oe-MuiSelect-select-MuiInputBase-input-MuiOutlinedInput-input"
                      role="combobox"
                      tabindex="0"
                    >
                      <span>
                        Ket
                      </span>
                    </div>
                    <input
                      aria-hidden="true"
                      aria-invalid="false"
                      class="MuiSelect-nativeInput css-yf8vq0-MuiSelect-nativeInput"
                      tabindex="-1"
                      value="ket"
                    />
                    <svg
                      class="MuiSelect-icon MuiSelect-iconOutlined css-1bn8sss-MuiSelect-icon"
                      fill="none"
                      height="48"
                      viewBox="0 0 48 48"
                      width="48"
                      xmlns="http://www.w3.org/2000/svg"
                    >
                      <path
                        d="M24 33.23L9.782 19.012l2.828-2.828L24 27.574l11.388-11.39 2.83 2.828L24 33.23z"
                        fill="#231F20"
                      />
                    </svg>
                    <fieldset
                      aria-hidden="true"
                      class="MuiOutlinedInput-notchedOutline css-1d3z3hw-MuiOutlinedInput-notchedOutline"
                    >
                      <legend
                        class="css-ihdtdm"
                      >
                        <span
                          class="notranslate"
                        >
                          â€‹
                        </span>
                      </legend>
                    </fieldset>
                  </div>
                </div>
              </div>
              <div
                style="display: flex; flex-grow: 1; position: relative;"
              >
                <textarea
                  class="css-evzoup"
                  data-testid="preview-area-text"
                  readonly=""
                >
                  {
    "root": {
        "nodes": [],
        "connections": [],
        "templates": []
    }
}
                </textarea>
              </div>
            </form>
          </div>
          <div
            class="MuiDialogActions-root MuiDialogActions-spacing css-k8y9qp-MuiDialogActions-root"
          >
            <button
              class="MuiButtonBase-root css-fevlc0-MuiButtonBase-root"
              role="button"
              tabindex="0"
              title="Cancel"
              type="button"
            >
              Cancel
              <span
                class="MuiTouchRipple-root css-8je8zh-MuiTouchRipple-root"
              />
            </button>
            <button
              class="MuiButtonBase-root css-1gvl3mi-MuiButtonBase-root"
              role="button"
              tabindex="0"
              title="Save"
              type="button"
            >
              Save
              <span
                class="MuiTouchRipple-root css-8je8zh-MuiTouchRipple-root"
              />
            </button>
          </div>
        </div>
      </div>
      <div
        data-testid="sentinelEnd"
        tabindex="0"
      />
    </div>
  </body>,
  "container": <div
    aria-hidden="true"
  />,
  "debug": [Function],
  "findAllByAltText": [Function],
  "findAllByDisplayValue": [Function],
  "findAllByLabelText": [Function],
  "findAllByPlaceholderText": [Function],
  "findAllByRole": [Function],
  "findAllByTestId": [Function],
  "findAllByText": [Function],
  "findAllByTitle": [Function],
  "findByAltText": [Function],
  "findByDisplayValue": [Function],
  "findByLabelText": [Function],
  "findByPlaceholderText": [Function],
  "findByRole": [Function],
  "findByTestId": [Function],
  "findByText": [Function],
  "findByTitle": [Function],
  "getAllByAltText": [Function],
  "getAllByDisplayValue": [Function],
  "getAllByLabelText": [Function],
  "getAllByPlaceholderText": [Function],
  "getAllByRole": [Function],
  "getAllByTestId": [Function],
  "getAllByText": [Function],
  "getAllByTitle": [Function],
  "getByAltText": [Function],
  "getByDisplayValue": [Function],
  "getByLabelText": [Function],
  "getByPlaceholderText": [Function],
  "getByRole": [Function],
  "getByTestId": [Function],
  "getByText": [Function],
  "getByTitle": [Function],
  "queryAllByAltText": [Function],
  "queryAllByDisplayValue": [Function],
  "queryAllByLabelText": [Function],
  "queryAllByPlaceholderText": [Function],
  "queryAllByRole": [Function],
  "queryAllByTestId": [Function],
  "queryAllByText": [Function],
  "queryAllByTitle": [Function],
  "queryByAltText": [Function],
  "queryByDisplayValue": [Function],
  "queryByLabelText": [Function],
  "queryByPlaceholderText": [Function],
  "queryByRole": [Function],
  "queryByTestId": [Function],
  "queryByText": [Function],
  "queryByTitle": [Function],
  "rerender": [Function],
  "unmount": [Function],
}
`;
