// Jest Snapshot v1, https://goo.gl/fbAQLP

exports[`Select component should be rendered correctly should be rendered without crashing 1`] = `[Function]`;
