// Jest Snapshot v1, https://goo.gl/fbAQLP

exports[`Menu component should render menu component in a container 1`] = `
Object {
  "asFragment": [Function],
  "baseElement": <body>
    <div>
      <div
        class="css-198rm13"
      >
        <div
          class="css-10qeqvw"
        >
          <button
            class="open css-1odf3mo"
            title=""
          >
            <svg
              class="css-uwwqev"
              fill="none"
              height="24"
              viewBox="0 0 24 24"
              width="24"
              xmlns="http://www.w3.org/2000/svg"
            >
              <path
                d="M7.075 9.5l-1.575 8V8h12.75a1.5 1.5 0 00-1.5-1.5H11.5L10 5H5.5A1.5 1.5 0 004 6.5v11A1.5 1.5 0 005.5 19h11.25c.675 0 1.275-.45 1.425-1.125L19.9 9.5H7.075zm9.675 8H7L8.2 11h9.75l-1.2 6.5z"
                fill="currentColor"
              />
            </svg>
          </button>
        </div>
        <div
          class="css-10qeqvw"
        >
          <button
            class="erase css-1odf3mo"
            title=""
          >
            <svg
              class="css-uwwqev"
              fill="none"
              height="48"
              viewBox="0 0 48 48"
              width="48"
              xmlns="http://www.w3.org/2000/svg"
            >
              <path
                d="M40.284 18.458L30.37 8.546a2 2 0 00-2.828 0L7.716 28.372a2 2 0 000 2.828l7.084 7.082a6.001 6.001 0 008.488 0l17-17a2 2 0 000-2.828l-.004.004zm-19.824 17a2 2 0 01-2.832 0l-5.67-5.672 7.824-7.824 7.084 7.086-6.406 6.41z"
                fill="currentColor"
              />
            </svg>
          </button>
          <div
            class="css-22lzhe"
          >
            <div
              class="css-5su45f"
            >
              <button
                class="select-lasso css-1odf3mo"
                title=""
              >
                <svg
                  class="css-uwwqev"
                  fill="none"
                  height="48"
                  viewBox="0 0 48 48"
                  width="48"
                  xmlns="http://www.w3.org/2000/svg"
                >
                  <path
                    d="M36.209 42.244a.85.85 0 01-1.182-.456l-1.938-4.6-2.23 1.962a.81.81 0 01-.552.214.849.849 0 01-.628-.284 1.023 1.023 0 01-.26-.688v-14.58a1.028 1.028 0 01.26-.688.851.851 0 01.628-.284c.21.003.414.082.57.224l10.212 9.366a1.036 1.036 0 01.116 1.37.87.87 0 01-.506.33l-2.8.6 1.956 4.6a.976.976 0 01-.426 1.282l-3.22 1.632zM30.673 8.504a2 2 0 00-1.174-.982 22.044 22.044 0 00-4.96-.942 2.012 2.012 0 00-2.14 1.848v.154a2 2 0 001.854 1.988 17.996 17.996 0 014.058.77 2 2 0 002.372-2.836h-.01zm-12.08.4a2 2 0 00-1.878-1.314c-.234 0-.466.042-.686.124a16.25 16.25 0 00-4.568 2.522 2 2 0 002.492 3.128 12.261 12.261 0 013.446-1.9 1.997 1.997 0 001.2-2.566l-.006.006zm21.51 7.252a14.249 14.249 0 00-3.118-4.306 2.001 2.001 0 10-2.77 2.884c.939.881 1.703 1.93 2.254 3.094a2 2 0 003.634-1.672zm-28.74 5.964a7.384 7.384 0 01-.546-2.748c0-.263.015-.526.044-.788a2 2 0 10-3.972-.456c-.048.413-.072.828-.072 1.244.005 1.45.288 2.885.834 4.228a2 2 0 003.712-1.488v.008zm27.866.6a2 2 0 00-2.634 1.032 7.638 7.638 0 01-.922 1.564l2.956 2.712a11.663 11.663 0 001.632-2.676 2 2 0 00-1.032-2.632zm-21.756 5.4a14.372 14.372 0 01-3.36-2.214 2 2 0 10-2.664 2.982 18.365 18.365 0 004.292 2.838 1.966 1.966 0 001.927-.11 2.01 2.01 0 00.937-1.692 2.014 2.014 0 00-1.132-1.806v.002z"
                    fill="currentColor"
                  />
                  <path
                    d="M27.691 29.61v7.244c-1.33 1.234-3.494 2.026-5.69 1.888-1.088-.068-2.292-.458-3.564-.87-1.272-.412-2.726-.886-3.572-.818-1.5.116-3.054 1.366-3.524 1.836a2 2 0 01-2.83-2.828c.282-.28 2.834-2.748 6.046-3 1.634-.126 3.4.446 5.112 1 .982.318 2 .648 2.582.684 1.372.086 2.426-.51 2.762-.854 0-.026 0-.054-.014-.084-.318 0-.644-.01-.968-.026a2 2 0 01.098-3.998h.096c.288.012.574.02.85.02a16.92 16.92 0 002.616-.194z"
                    fill="currentColor"
                  />
                </svg>
              </button>
              <svg
                class="dropdown css-1e1sh25"
                height="1000"
                viewBox="0 0 1000 1000"
                width="1000"
                xmlns="http://www.w3.org/2000/svg"
              >
                <path
                  d="M876.337 751.055c0 70.936-57.736 128.672-128.672 128.672H201.297c-70.936 0-128.557-57.736-128.557-128.672L747.55 76.36c70.936 0 128.672 57.506 128.672 128.557v546.138z"
                />
              </svg>
            </div>
          </div>
          <div
            class="css-22lzhe"
          >
            <div
              class="css-5su45f"
            >
              <button
                class="shape-rectangle css-1odf3mo"
                title=""
              >
                <svg
                  class="css-uwwqev"
                  fill="none"
                  height="48"
                  viewBox="0 0 48 48"
                  width="48"
                  xmlns="http://www.w3.org/2000/svg"
                >
                  <path
                    d="M43.961 12.61v4h-4.818v4.818h-4V16.61h-4.818v-4h4.818V7.792h4v4.818h4.818zM35.14 25.43v5.97H12.86V16.61h13.462v-4H8.86V35.4h30.28v-9.96l-4-.01z"
                    fill="currentColor"
                  />
                </svg>
              </button>
              <svg
                class="dropdown css-1e1sh25"
                height="1000"
                viewBox="0 0 1000 1000"
                width="1000"
                xmlns="http://www.w3.org/2000/svg"
              >
                <path
                  d="M876.337 751.055c0 70.936-57.736 128.672-128.672 128.672H201.297c-70.936 0-128.557-57.736-128.557-128.672L747.55 76.36c70.936 0 128.672 57.506 128.672 128.557v546.138z"
                />
              </svg>
            </div>
          </div>
          <div
            class="css-22lzhe"
          >
            <div
              class="css-5su45f"
            >
              <button
                class="transform-flip-h css-1odf3mo"
                title=""
              >
                <svg
                  class="css-uwwqev"
                  fill="none"
                  height="48"
                  viewBox="0 0 48 48"
                  width="48"
                  xmlns="http://www.w3.org/2000/svg"
                >
                  <path
                    d="M22.001 6v36h4V6h-4zM18.271 40h-6.67a3.6 3.6 0 01-3.6-3.6V11.6a3.6 3.6 0 013.6-3.6h6.67v4h-6.27v24h6.27v4zM36.001 8h.4a3.6 3.6 0 013.6 3.6v.4h-4V8zM40.001 36v.4a3.6 3.6 0 01-3.6 3.6h-.4v-4h4zM34.535 36h-4.534v4h4.534v-4zM34.535 8h-4.534v4h4.534V8zM36.001 14.598v4.534h4v-4.534h-4zM36.001 21.732v4.534h4v-4.534h-4zM36.001 28.866V33.4h4v-4.534h-4z"
                    fill="currentColor"
                  />
                </svg>
              </button>
              <svg
                class="dropdown css-1e1sh25"
                height="1000"
                viewBox="0 0 1000 1000"
                width="1000"
                xmlns="http://www.w3.org/2000/svg"
              >
                <path
                  d="M876.337 751.055c0 70.936-57.736 128.672-128.672 128.672H201.297c-70.936 0-128.557-57.736-128.557-128.672L747.55 76.36c70.936 0 128.672 57.506 128.672 128.557v546.138z"
                />
              </svg>
            </div>
          </div>
        </div>
      </div>
    </div>
  </body>,
  "container": <div>
    <div
      class="css-198rm13"
    >
      <div
        class="css-10qeqvw"
      >
        <button
          class="open css-1odf3mo"
          title=""
        >
          <svg
            class="css-uwwqev"
            fill="none"
            height="24"
            viewBox="0 0 24 24"
            width="24"
            xmlns="http://www.w3.org/2000/svg"
          >
            <path
              d="M7.075 9.5l-1.575 8V8h12.75a1.5 1.5 0 00-1.5-1.5H11.5L10 5H5.5A1.5 1.5 0 004 6.5v11A1.5 1.5 0 005.5 19h11.25c.675 0 1.275-.45 1.425-1.125L19.9 9.5H7.075zm9.675 8H7L8.2 11h9.75l-1.2 6.5z"
              fill="currentColor"
            />
          </svg>
        </button>
      </div>
      <div
        class="css-10qeqvw"
      >
        <button
          class="erase css-1odf3mo"
          title=""
        >
          <svg
            class="css-uwwqev"
            fill="none"
            height="48"
            viewBox="0 0 48 48"
            width="48"
            xmlns="http://www.w3.org/2000/svg"
          >
            <path
              d="M40.284 18.458L30.37 8.546a2 2 0 00-2.828 0L7.716 28.372a2 2 0 000 2.828l7.084 7.082a6.001 6.001 0 008.488 0l17-17a2 2 0 000-2.828l-.004.004zm-19.824 17a2 2 0 01-2.832 0l-5.67-5.672 7.824-7.824 7.084 7.086-6.406 6.41z"
              fill="currentColor"
            />
          </svg>
        </button>
        <div
          class="css-22lzhe"
        >
          <div
            class="css-5su45f"
          >
            <button
              class="select-lasso css-1odf3mo"
              title=""
            >
              <svg
                class="css-uwwqev"
                fill="none"
                height="48"
                viewBox="0 0 48 48"
                width="48"
                xmlns="http://www.w3.org/2000/svg"
              >
                <path
                  d="M36.209 42.244a.85.85 0 01-1.182-.456l-1.938-4.6-2.23 1.962a.81.81 0 01-.552.214.849.849 0 01-.628-.284 1.023 1.023 0 01-.26-.688v-14.58a1.028 1.028 0 01.26-.688.851.851 0 01.628-.284c.21.003.414.082.57.224l10.212 9.366a1.036 1.036 0 01.116 1.37.87.87 0 01-.506.33l-2.8.6 1.956 4.6a.976.976 0 01-.426 1.282l-3.22 1.632zM30.673 8.504a2 2 0 00-1.174-.982 22.044 22.044 0 00-4.96-.942 2.012 2.012 0 00-2.14 1.848v.154a2 2 0 001.854 1.988 17.996 17.996 0 014.058.77 2 2 0 002.372-2.836h-.01zm-12.08.4a2 2 0 00-1.878-1.314c-.234 0-.466.042-.686.124a16.25 16.25 0 00-4.568 2.522 2 2 0 002.492 3.128 12.261 12.261 0 013.446-1.9 1.997 1.997 0 001.2-2.566l-.006.006zm21.51 7.252a14.249 14.249 0 00-3.118-4.306 2.001 2.001 0 10-2.77 2.884c.939.881 1.703 1.93 2.254 3.094a2 2 0 003.634-1.672zm-28.74 5.964a7.384 7.384 0 01-.546-2.748c0-.263.015-.526.044-.788a2 2 0 10-3.972-.456c-.048.413-.072.828-.072 1.244.005 1.45.288 2.885.834 4.228a2 2 0 003.712-1.488v.008zm27.866.6a2 2 0 00-2.634 1.032 7.638 7.638 0 01-.922 1.564l2.956 2.712a11.663 11.663 0 001.632-2.676 2 2 0 00-1.032-2.632zm-21.756 5.4a14.372 14.372 0 01-3.36-2.214 2 2 0 10-2.664 2.982 18.365 18.365 0 004.292 2.838 1.966 1.966 0 001.927-.11 2.01 2.01 0 00.937-1.692 2.014 2.014 0 00-1.132-1.806v.002z"
                  fill="currentColor"
                />
                <path
                  d="M27.691 29.61v7.244c-1.33 1.234-3.494 2.026-5.69 1.888-1.088-.068-2.292-.458-3.564-.87-1.272-.412-2.726-.886-3.572-.818-1.5.116-3.054 1.366-3.524 1.836a2 2 0 01-2.83-2.828c.282-.28 2.834-2.748 6.046-3 1.634-.126 3.4.446 5.112 1 .982.318 2 .648 2.582.684 1.372.086 2.426-.51 2.762-.854 0-.026 0-.054-.014-.084-.318 0-.644-.01-.968-.026a2 2 0 01.098-3.998h.096c.288.012.574.02.85.02a16.92 16.92 0 002.616-.194z"
                  fill="currentColor"
                />
              </svg>
            </button>
            <svg
              class="dropdown css-1e1sh25"
              height="1000"
              viewBox="0 0 1000 1000"
              width="1000"
              xmlns="http://www.w3.org/2000/svg"
            >
              <path
                d="M876.337 751.055c0 70.936-57.736 128.672-128.672 128.672H201.297c-70.936 0-128.557-57.736-128.557-128.672L747.55 76.36c70.936 0 128.672 57.506 128.672 128.557v546.138z"
              />
            </svg>
          </div>
        </div>
        <div
          class="css-22lzhe"
        >
          <div
            class="css-5su45f"
          >
            <button
              class="shape-rectangle css-1odf3mo"
              title=""
            >
              <svg
                class="css-uwwqev"
                fill="none"
                height="48"
                viewBox="0 0 48 48"
                width="48"
                xmlns="http://www.w3.org/2000/svg"
              >
                <path
                  d="M43.961 12.61v4h-4.818v4.818h-4V16.61h-4.818v-4h4.818V7.792h4v4.818h4.818zM35.14 25.43v5.97H12.86V16.61h13.462v-4H8.86V35.4h30.28v-9.96l-4-.01z"
                  fill="currentColor"
                />
              </svg>
            </button>
            <svg
              class="dropdown css-1e1sh25"
              height="1000"
              viewBox="0 0 1000 1000"
              width="1000"
              xmlns="http://www.w3.org/2000/svg"
            >
              <path
                d="M876.337 751.055c0 70.936-57.736 128.672-128.672 128.672H201.297c-70.936 0-128.557-57.736-128.557-128.672L747.55 76.36c70.936 0 128.672 57.506 128.672 128.557v546.138z"
              />
            </svg>
          </div>
        </div>
        <div
          class="css-22lzhe"
        >
          <div
            class="css-5su45f"
          >
            <button
              class="transform-flip-h css-1odf3mo"
              title=""
            >
              <svg
                class="css-uwwqev"
                fill="none"
                height="48"
                viewBox="0 0 48 48"
                width="48"
                xmlns="http://www.w3.org/2000/svg"
              >
                <path
                  d="M22.001 6v36h4V6h-4zM18.271 40h-6.67a3.6 3.6 0 01-3.6-3.6V11.6a3.6 3.6 0 013.6-3.6h6.67v4h-6.27v24h6.27v4zM36.001 8h.4a3.6 3.6 0 013.6 3.6v.4h-4V8zM40.001 36v.4a3.6 3.6 0 01-3.6 3.6h-.4v-4h4zM34.535 36h-4.534v4h4.534v-4zM34.535 8h-4.534v4h4.534V8zM36.001 14.598v4.534h4v-4.534h-4zM36.001 21.732v4.534h4v-4.534h-4zM36.001 28.866V33.4h4v-4.534h-4z"
                  fill="currentColor"
                />
              </svg>
            </button>
            <svg
              class="dropdown css-1e1sh25"
              height="1000"
              viewBox="0 0 1000 1000"
              width="1000"
              xmlns="http://www.w3.org/2000/svg"
            >
              <path
                d="M876.337 751.055c0 70.936-57.736 128.672-128.672 128.672H201.297c-70.936 0-128.557-57.736-128.557-128.672L747.55 76.36c70.936 0 128.672 57.506 128.672 128.557v546.138z"
              />
            </svg>
          </div>
        </div>
      </div>
    </div>
  </div>,
  "debug": [Function],
  "findAllByAltText": [Function],
  "findAllByDisplayValue": [Function],
  "findAllByLabelText": [Function],
  "findAllByPlaceholderText": [Function],
  "findAllByRole": [Function],
  "findAllByTestId": [Function],
  "findAllByText": [Function],
  "findAllByTitle": [Function],
  "findByAltText": [Function],
  "findByDisplayValue": [Function],
  "findByLabelText": [Function],
  "findByPlaceholderText": [Function],
  "findByRole": [Function],
  "findByTestId": [Function],
  "findByText": [Function],
  "findByTitle": [Function],
  "getAllByAltText": [Function],
  "getAllByDisplayValue": [Function],
  "getAllByLabelText": [Function],
  "getAllByPlaceholderText": [Function],
  "getAllByRole": [Function],
  "getAllByTestId": [Function],
  "getAllByText": [Function],
  "getAllByTitle": [Function],
  "getByAltText": [Function],
  "getByDisplayValue": [Function],
  "getByLabelText": [Function],
  "getByPlaceholderText": [Function],
  "getByRole": [Function],
  "getByTestId": [Function],
  "getByText": [Function],
  "getByTitle": [Function],
  "queryAllByAltText": [Function],
  "queryAllByDisplayValue": [Function],
  "queryAllByLabelText": [Function],
  "queryAllByPlaceholderText": [Function],
  "queryAllByRole": [Function],
  "queryAllByTestId": [Function],
  "queryAllByText": [Function],
  "queryAllByTitle": [Function],
  "queryByAltText": [Function],
  "queryByDisplayValue": [Function],
  "queryByLabelText": [Function],
  "queryByPlaceholderText": [Function],
  "queryByRole": [Function],
  "queryByTestId": [Function],
  "queryByText": [Function],
  "queryByTitle": [Function],
  "rerender": [Function],
  "unmount": [Function],
}
`;
