// Jest Snapshot v1, https://goo.gl/fbAQLP

exports[`Monomer List should render correct with groups 1`] = `
Object {
  "asFragment": [Function],
  "baseElement": <body>
    <div>
      <div
        class="css-3whre8"
      >
        <div
          class="css-1jn33hb"
        >
          <div
            class="css-14bnc38"
          >
            <div
              class="css-1iq6651"
              data-monomer-item-id="Phe4SD___(2S)-2-amino-3-{4-[(4S)-2,6-dioxo-1,3-diazinane-4-amido]phenyl}propanoic acid"
              data-testid="Phe4SD___(2S)-2-amino-3-{4-[(4S)-2,6-dioxo-1,3-diazinane-4-amido]phenyl}propanoic acid"
            >
              <span>
                Phe4SD
              </span>
              <div
                class="star "
              >
                ★
              </div>
            </div>
          </div>
        </div>
      </div>
    </div>
  </body>,
  "container": <div>
    <div
      class="css-3whre8"
    >
      <div
        class="css-1jn33hb"
      >
        <div
          class="css-14bnc38"
        >
          <div
            class="css-1iq6651"
            data-monomer-item-id="Phe4SD___(2S)-2-amino-3-{4-[(4S)-2,6-dioxo-1,3-diazinane-4-amido]phenyl}propanoic acid"
            data-testid="Phe4SD___(2S)-2-amino-3-{4-[(4S)-2,6-dioxo-1,3-diazinane-4-amido]phenyl}propanoic acid"
          >
            <span>
              Phe4SD
            </span>
            <div
              class="star "
            >
              ★
            </div>
          </div>
        </div>
      </div>
    </div>
  </div>,
  "debug": [Function],
  "findAllByAltText": [Function],
  "findAllByDisplayValue": [Function],
  "findAllByLabelText": [Function],
  "findAllByPlaceholderText": [Function],
  "findAllByRole": [Function],
  "findAllByTestId": [Function],
  "findAllByText": [Function],
  "findAllByTitle": [Function],
  "findByAltText": [Function],
  "findByDisplayValue": [Function],
  "findByLabelText": [Function],
  "findByPlaceholderText": [Function],
  "findByRole": [Function],
  "findByTestId": [Function],
  "findByText": [Function],
  "findByTitle": [Function],
  "getAllByAltText": [Function],
  "getAllByDisplayValue": [Function],
  "getAllByLabelText": [Function],
  "getAllByPlaceholderText": [Function],
  "getAllByRole": [Function],
  "getAllByTestId": [Function],
  "getAllByText": [Function],
  "getAllByTitle": [Function],
  "getByAltText": [Function],
  "getByDisplayValue": [Function],
  "getByLabelText": [Function],
  "getByPlaceholderText": [Function],
  "getByRole": [Function],
  "getByTestId": [Function],
  "getByText": [Function],
  "getByTitle": [Function],
  "queryAllByAltText": [Function],
  "queryAllByDisplayValue": [Function],
  "queryAllByLabelText": [Function],
  "queryAllByPlaceholderText": [Function],
  "queryAllByRole": [Function],
  "queryAllByTestId": [Function],
  "queryAllByText": [Function],
  "queryAllByTitle": [Function],
  "queryByAltText": [Function],
  "queryByDisplayValue": [Function],
  "queryByLabelText": [Function],
  "queryByPlaceholderText": [Function],
  "queryByRole": [Function],
  "queryByTestId": [Function],
  "queryByText": [Function],
  "queryByTitle": [Function],
  "rerender": [Function],
  "unmount": [Function],
}
`;

exports[`Monomer List should render correct without groups 1`] = `
Object {
  "asFragment": [Function],
  "baseElement": <body>
    <div>
      <div
        class="css-3whre8"
      >
        <div
          class="css-1jn33hb"
        >
          <div
            class="css-14bnc38"
          >
            <div
              class="css-1aujmk4"
              data-monomer-item-id="PEG2___Diethylene Glycol"
              data-testid="PEG2___Diethylene Glycol"
            >
              <span>
                PEG2
              </span>
              <div
                class="star "
              >
                ★
              </div>
            </div>
          </div>
        </div>
      </div>
    </div>
  </body>,
  "container": <div>
    <div
      class="css-3whre8"
    >
      <div
        class="css-1jn33hb"
      >
        <div
          class="css-14bnc38"
        >
          <div
            class="css-1aujmk4"
            data-monomer-item-id="PEG2___Diethylene Glycol"
            data-testid="PEG2___Diethylene Glycol"
          >
            <span>
              PEG2
            </span>
            <div
              class="star "
            >
              ★
            </div>
          </div>
        </div>
      </div>
    </div>
  </div>,
  "debug": [Function],
  "findAllByAltText": [Function],
  "findAllByDisplayValue": [Function],
  "findAllByLabelText": [Function],
  "findAllByPlaceholderText": [Function],
  "findAllByRole": [Function],
  "findAllByTestId": [Function],
  "findAllByText": [Function],
  "findAllByTitle": [Function],
  "findByAltText": [Function],
  "findByDisplayValue": [Function],
  "findByLabelText": [Function],
  "findByPlaceholderText": [Function],
  "findByRole": [Function],
  "findByTestId": [Function],
  "findByText": [Function],
  "findByTitle": [Function],
  "getAllByAltText": [Function],
  "getAllByDisplayValue": [Function],
  "getAllByLabelText": [Function],
  "getAllByPlaceholderText": [Function],
  "getAllByRole": [Function],
  "getAllByTestId": [Function],
  "getAllByText": [Function],
  "getAllByTitle": [Function],
  "getByAltText": [Function],
  "getByDisplayValue": [Function],
  "getByLabelText": [Function],
  "getByPlaceholderText": [Function],
  "getByRole": [Function],
  "getByTestId": [Function],
  "getByText": [Function],
  "getByTitle": [Function],
  "queryAllByAltText": [Function],
  "queryAllByDisplayValue": [Function],
  "queryAllByLabelText": [Function],
  "queryAllByPlaceholderText": [Function],
  "queryAllByRole": [Function],
  "queryAllByTestId": [Function],
  "queryAllByText": [Function],
  "queryAllByTitle": [Function],
  "queryByAltText": [Function],
  "queryByDisplayValue": [Function],
  "queryByLabelText": [Function],
  "queryByPlaceholderText": [Function],
  "queryByRole": [Function],
  "queryByTestId": [Function],
  "queryByText": [Function],
  "queryByTitle": [Function],
  "rerender": [Function],
  "unmount": [Function],
}
`;
