// Jest Snapshot v1, https://goo.gl/fbAQLP

exports[`PeptideRenderer should render peptide 1`] = `
<svg
  height="500"
  id="polymer-editor-canvas"
  width="500"
>
  <defs>
    <symbol
      id="peptide"
    >
      <path
        class="monomer-body"
      />
    </symbol>
  </defs>
  <g
    class="drawn-structures"
  >
    <g
      class="monomer"
      transform="translate(0, 0) scale(1)"
      transition="transform 0.2s"
    >
      <use
        fill="yellow"
        href="#peptide"
      />
      <text
        fill="black"
        font-size="6px"
        font-weight="700"
        line-height="6px"
        pointer-events="none"
        style="cursor: pointer; user-select: none;"
        x="0"
        y="10"
      >
        Abc
      </text>
      <text
        direction="rtl"
        fill="#7C7C7F"
        font-size="6px"
        font-weight="500"
        line-height="7px"
        text-align="right"
        x="10"
        y="-1"
      />
      <text
        direction="rtl"
        fill="#0097A8"
        font-size="6px"
        font-weight="700"
        line-height="7px"
        text-align="right"
        x="-6"
        y="10"
      />
    </g>
  </g>
</svg>
`;
