// Jest Snapshot v1, https://goo.gl/fbAQLP

exports[`Polymer Bond Renderer should render bond 1`] = `
<svg
  height="500"
  id="polymer-editor-canvas"
  width="500"
>
  <defs>
    <symbol
      id="peptide"
    >
      <path
        class="monomer-body"
      />
    </symbol>
  </defs>
  <g
    class="drawn-structures"
  >
    <g
      pointer-events="stroke"
    >
      <line
        class="selection-area"
        pointer-events="stroke"
        stroke="#333333"
        stroke-width="1"
        x1="400"
        x2="3600"
        y1="400"
        y2="4000"
      />
      <line
        stroke="transparent"
        stroke-width="10"
        x1="400"
        x2="3600"
        y1="400"
        y2="4000"
      />
      <circle
        cursor="pointer"
        cx="3600"
        cy="4000"
        fill="transparent"
        pointer-events="none"
        r="1"
        stroke-width="10"
      />
    </g>
  </g>
</svg>
`;
