// Jest Snapshot v1, https://goo.gl/fbAQLP

exports[`InfoModal should be rendered correctly should render Paste shortcut message if Paste message dispatched to props 1`] = `
Object {
  "asFragment": [Function],
  "baseElement": <body>
    <div>
      <div
        class="dialog infoModal"
        role="dialog"
        tabindex="-1"
      >
        <header
          class="header"
        >
          <div>
            Error Message
          </div>
          <div
            class="btnContainer"
          >
            <button
              class="buttonTop"
            >
              <icon-close.svg
                classname="closeButton"
              />
            </button>
          </div>
        </header>
        <div
          class="body withMargin"
        >
          <div>
            <div
              class="pasteErrorModalBody"
            >
              <div>
                Your browser doesn't allow pasting clipboard content via button. Please use shortcut instead.
              </div>
              <div
                class="shortcutsBlock"
              >
                <div
                  class="shortcuts"
                >
                  <div
                    class="shortcut"
                    data-testid="infoModal-shortcut-for-paste"
                  >
                    CTRL/Cmd + V
                  </div>
                  <div>
                    for paste
                  </div>
                </div>
              </div>
            </div>
          </div>
        </div>
        <footer
          class="footer"
        >
          <button
            class="ok"
          >
            Close
          </button>
        </footer>
      </div>
    </div>
  </body>,
  "container": <div>
    <div
      class="dialog infoModal"
      role="dialog"
      tabindex="-1"
    >
      <header
        class="header"
      >
        <div>
          Error Message
        </div>
        <div
          class="btnContainer"
        >
          <button
            class="buttonTop"
          >
            <icon-close.svg
              classname="closeButton"
            />
          </button>
        </div>
      </header>
      <div
        class="body withMargin"
      >
        <div>
          <div
            class="pasteErrorModalBody"
          >
            <div>
              Your browser doesn't allow pasting clipboard content via button. Please use shortcut instead.
            </div>
            <div
              class="shortcutsBlock"
            >
              <div
                class="shortcuts"
              >
                <div
                  class="shortcut"
                  data-testid="infoModal-shortcut-for-paste"
                >
                  CTRL/Cmd + V
                </div>
                <div>
                  for paste
                </div>
              </div>
            </div>
          </div>
        </div>
      </div>
      <footer
        class="footer"
      >
        <button
          class="ok"
        >
          Close
        </button>
      </footer>
    </div>
  </div>,
  "debug": [Function],
  "findAllByAltText": [Function],
  "findAllByDisplayValue": [Function],
  "findAllByLabelText": [Function],
  "findAllByPlaceholderText": [Function],
  "findAllByRole": [Function],
  "findAllByTestId": [Function],
  "findAllByText": [Function],
  "findAllByTitle": [Function],
  "findByAltText": [Function],
  "findByDisplayValue": [Function],
  "findByLabelText": [Function],
  "findByPlaceholderText": [Function],
  "findByRole": [Function],
  "findByTestId": [Function],
  "findByText": [Function],
  "findByTitle": [Function],
  "getAllByAltText": [Function],
  "getAllByDisplayValue": [Function],
  "getAllByLabelText": [Function],
  "getAllByPlaceholderText": [Function],
  "getAllByRole": [Function],
  "getAllByTestId": [Function],
  "getAllByText": [Function],
  "getAllByTitle": [Function],
  "getByAltText": [Function],
  "getByDisplayValue": [Function],
  "getByLabelText": [Function],
  "getByPlaceholderText": [Function],
  "getByRole": [Function],
  "getByTestId": [Function],
  "getByText": [Function],
  "getByTitle": [Function],
  "queryAllByAltText": [Function],
  "queryAllByDisplayValue": [Function],
  "queryAllByLabelText": [Function],
  "queryAllByPlaceholderText": [Function],
  "queryAllByRole": [Function],
  "queryAllByTestId": [Function],
  "queryAllByText": [Function],
  "queryAllByTitle": [Function],
  "queryByAltText": [Function],
  "queryByDisplayValue": [Function],
  "queryByLabelText": [Function],
  "queryByPlaceholderText": [Function],
  "queryByRole": [Function],
  "queryByTestId": [Function],
  "queryByText": [Function],
  "queryByTitle": [Function],
  "rerender": [Function],
  "store": Object {
    "@@observable": [Function],
    "dispatch": [Function],
    "getState": [Function],
    "replaceReducer": [Function],
    "subscribe": [Function],
  },
  "unmount": [Function],
}
`;

exports[`InfoModal should be rendered correctly should render default error message for Cut and Copy actions 1`] = `
Object {
  "asFragment": [Function],
  "baseElement": <body>
    <div>
      <div
        class="dialog infoModal"
        role="dialog"
        tabindex="-1"
      >
        <header
          class="header"
        >
          <div>
            Error Message
          </div>
          <div
            class="btnContainer"
          >
            <button
              class="buttonTop"
            >
              <icon-close.svg
                classname="closeButton"
              />
            </button>
          </div>
        </header>
        <div
          class="body withMargin"
        >
          <div>
            This action is unavailable via menu. Instead, use shortcut to Cut.
          </div>
        </div>
        <footer
          class="footer"
        >
          <button
            class="ok"
          >
            Close
          </button>
        </footer>
      </div>
    </div>
  </body>,
  "container": <div>
    <div
      class="dialog infoModal"
      role="dialog"
      tabindex="-1"
    >
      <header
        class="header"
      >
        <div>
          Error Message
        </div>
        <div
          class="btnContainer"
        >
          <button
            class="buttonTop"
          >
            <icon-close.svg
              classname="closeButton"
            />
          </button>
        </div>
      </header>
      <div
        class="body withMargin"
      >
        <div>
          This action is unavailable via menu. Instead, use shortcut to Cut.
        </div>
      </div>
      <footer
        class="footer"
      >
        <button
          class="ok"
        >
          Close
        </button>
      </footer>
    </div>
  </div>,
  "debug": [Function],
  "findAllByAltText": [Function],
  "findAllByDisplayValue": [Function],
  "findAllByLabelText": [Function],
  "findAllByPlaceholderText": [Function],
  "findAllByRole": [Function],
  "findAllByTestId": [Function],
  "findAllByText": [Function],
  "findAllByTitle": [Function],
  "findByAltText": [Function],
  "findByDisplayValue": [Function],
  "findByLabelText": [Function],
  "findByPlaceholderText": [Function],
  "findByRole": [Function],
  "findByTestId": [Function],
  "findByText": [Function],
  "findByTitle": [Function],
  "getAllByAltText": [Function],
  "getAllByDisplayValue": [Function],
  "getAllByLabelText": [Function],
  "getAllByPlaceholderText": [Function],
  "getAllByRole": [Function],
  "getAllByTestId": [Function],
  "getAllByText": [Function],
  "getAllByTitle": [Function],
  "getByAltText": [Function],
  "getByDisplayValue": [Function],
  "getByLabelText": [Function],
  "getByPlaceholderText": [Function],
  "getByRole": [Function],
  "getByTestId": [Function],
  "getByText": [Function],
  "getByTitle": [Function],
  "queryAllByAltText": [Function],
  "queryAllByDisplayValue": [Function],
  "queryAllByLabelText": [Function],
  "queryAllByPlaceholderText": [Function],
  "queryAllByRole": [Function],
  "queryAllByTestId": [Function],
  "queryAllByText": [Function],
  "queryAllByTitle": [Function],
  "queryByAltText": [Function],
  "queryByDisplayValue": [Function],
  "queryByLabelText": [Function],
  "queryByPlaceholderText": [Function],
  "queryByRole": [Function],
  "queryByTestId": [Function],
  "queryByText": [Function],
  "queryByTitle": [Function],
  "rerender": [Function],
  "store": Object {
    "@@observable": [Function],
    "dispatch": [Function],
    "getState": [Function],
    "replaceReducer": [Function],
    "subscribe": [Function],
  },
  "unmount": [Function],
}
`;
