// Jest Snapshot v1, https://goo.gl/fbAQLP

exports[`AbbreviationLookup Utils highlightOptionLabel Should ignore space at the beginning and the end 1`] = `"SHORTABBR (Very long test name)"`;

exports[`AbbreviationLookup Utils highlightOptionLabel Should mark abbreviation because it shorter (bigger similarity) 1`] = `
<React.Fragment>
  
  <mark>
    SHORT
  </mark>
  ABBR (ShortNameForTemplate)
</React.Fragment>
`;

exports[`AbbreviationLookup Utils highlightOptionLabel Should mark name because substring at the beginning 1`] = `
<React.Fragment>
  ASHORTABBR (
  <mark>
    Short
  </mark>
  NameForTemplate)
</React.Fragment>
`;

exports[`AbbreviationLookup Utils highlightOptionLabel Should not highlight if lookup value length is short 1`] = `"SHORTABBR (Very long test name)"`;

exports[`AbbreviationLookup Utils highlightOptionLabel Should return marked abbreviation 1`] = `
<React.Fragment>
  SHORT
  <mark>
    ABBR
  </mark>
   (Very long test name)
</React.Fragment>
`;

exports[`AbbreviationLookup Utils highlightOptionLabel Should return marked name 1`] = `
<React.Fragment>
  SHORTABBR (Very 
  <mark>
    long
  </mark>
   test name)
</React.Fragment>
`;
