// Jest Snapshot v1, https://goo.gl/fbAQLP

exports[`Modal component should render correctly 1`] = `
Object {
  "asFragment": [Function],
  "baseElement": <body
    style="padding-right: 1024px; overflow: hidden;"
  >
    <div
      aria-hidden="true"
    />
    <div
      class="MuiModal-root MuiDialog-root css-zw3mfo-MuiModal-root-MuiDialog-root"
      role="presentation"
    >
      <div
        aria-hidden="true"
        class="MuiBackdrop-root css-yiavyu-MuiBackdrop-root-MuiDialog-backdrop"
        style="opacity: 0.4; background: rgb(0, 86, 98); webkit-transition: opacity 225ms cubic-bezier(0.4, 0, 0.2, 1) 0ms; transition: opacity 225ms cubic-bezier(0.4, 0, 0.2, 1) 0ms;"
      />
      <div
        data-test="sentinelStart"
        tabindex="0"
      />
      <div
        class="MuiDialog-container MuiDialog-scrollPaper css-hz1bth-MuiDialog-container"
        role="presentation"
        style="opacity: 1; webkit-transition: opacity 225ms cubic-bezier(0.4, 0, 0.2, 1) 0ms; transition: opacity 225ms cubic-bezier(0.4, 0, 0.2, 1) 0ms;"
        tabindex="-1"
      >
        <div
          aria-labelledby=":r0:"
          class="MuiPaper-root MuiPaper-elevation MuiPaper-rounded MuiPaper-elevation24 MuiDialog-paper MuiDialog-paperScrollPaper MuiDialog-paperWidthMd css-12rl710-MuiPaper-root-MuiDialog-paper"
          role="dialog"
          style="min-width: 20vw; background: rgb(242, 242, 242); border-radius: 8px; color: rgb(51, 51, 51);"
        >
          <h2
            class="MuiTypography-root MuiTypography-h6 MuiDialogTitle-root css-1x5ms5d-MuiTypography-root-MuiDialogTitle-root"
            id=":r0:"
          >
            <div
              class="css-lvyu5j"
            >
              title
            </div>
            <button
              class="MuiButtonBase-root MuiIconButton-root MuiIconButton-sizeMedium css-78trlr-MuiButtonBase-root-MuiIconButton-root"
              tabindex="0"
              title="Close window"
              type="button"
            >
              <icon-close.svg
                fill="#333333"
                role="img"
              />
              <span
                class="MuiTouchRipple-root css-8je8zh-MuiTouchRipple-root"
              />
            </button>
          </h2>
          <div
            class="MuiDialogContent-root css-1n1tez8-MuiDialogContent-root"
          >
            Content
          </div>
        </div>
      </div>
      <div
        data-test="sentinelEnd"
        tabindex="0"
      />
    </div>
  </body>,
  "container": <div
    aria-hidden="true"
  />,
  "debug": [Function],
  "findAllByAltText": [Function],
  "findAllByDisplayValue": [Function],
  "findAllByLabelText": [Function],
  "findAllByPlaceholderText": [Function],
  "findAllByRole": [Function],
  "findAllByTestId": [Function],
  "findAllByText": [Function],
  "findAllByTitle": [Function],
  "findByAltText": [Function],
  "findByDisplayValue": [Function],
  "findByLabelText": [Function],
  "findByPlaceholderText": [Function],
  "findByRole": [Function],
  "findByTestId": [Function],
  "findByText": [Function],
  "findByTitle": [Function],
  "getAllByAltText": [Function],
  "getAllByDisplayValue": [Function],
  "getAllByLabelText": [Function],
  "getAllByPlaceholderText": [Function],
  "getAllByRole": [Function],
  "getAllByTestId": [Function],
  "getAllByText": [Function],
  "getAllByTitle": [Function],
  "getByAltText": [Function],
  "getByDisplayValue": [Function],
  "getByLabelText": [Function],
  "getByPlaceholderText": [Function],
  "getByRole": [Function],
  "getByTestId": [Function],
  "getByText": [Function],
  "getByTitle": [Function],
  "queryAllByAltText": [Function],
  "queryAllByDisplayValue": [Function],
  "queryAllByLabelText": [Function],
  "queryAllByPlaceholderText": [Function],
  "queryAllByRole": [Function],
  "queryAllByTestId": [Function],
  "queryAllByText": [Function],
  "queryAllByTitle": [Function],
  "queryByAltText": [Function],
  "queryByDisplayValue": [Function],
  "queryByLabelText": [Function],
  "queryByPlaceholderText": [Function],
  "queryByRole": [Function],
  "queryByTestId": [Function],
  "queryByText": [Function],
  "queryByTitle": [Function],
  "rerender": [Function],
  "unmount": [Function],
}
`;
