// Jest Snapshot v1, https://goo.gl/fbAQLP

exports[`Icon component should render SVG when valid name is provided 1`] = `
<icon-arrow-down.svg
  fill="#525252"
  role="img"
/>
`;

exports[`Icon component should return null when invalid icon name is provided 1`] = `null`;
