// Jest Snapshot v1, https://goo.gl/fbAQLP

exports[`Test Rna Accordion component should render 1`] = `
<div
  class="css-r9woj4"
  data-testid="rna-accordion"
>
  <div
    class="css-11h3u53"
  >
    <div
      class="css-1svedvx"
    >
      <div
        class="css-s4s9u"
      >
        <div
          class="css-75ynye"
          data-testid="summary-Presets"
        >
          <svg
            class="css-1qr96ji"
            fill="none"
            height="16"
            viewBox="0 0 16 16"
            width="16"
            xmlns="http://www.w3.org/2000/svg"
          >
            <rect
              fill="currentColor"
              height="5.333"
              rx="0.5"
              width="5.333"
              x="2"
              y="1.327"
            />
            <rect
              fill="currentColor"
              height="4.667"
              rx="0.5"
              transform="rotate(45 -7.332 9.589)"
              width="4.667"
            />
            <rect
              fill="currentColor"
              height="5.333"
              rx="2.667"
              width="5.333"
              x="9.336"
              y="1.327"
            />
          </svg>
          <span
            class="css-lqq9ua"
          >
            Presets
             (
            0
            )
          </span>
          <svg
            class="css-1qr96ji"
            fill="none"
            height="48"
            viewBox="0 0 48 48"
            width="48"
            xmlns="http://www.w3.org/2000/svg"
          >
            <path
              d="M24 33.23L9.782 19.012l2.828-2.828L24 27.574l11.388-11.39 2.83 2.828L24 33.23z"
              fill="#231F20"
            />
          </svg>
        </div>
      </div>
      <div
        class="css-2kwivx"
      >
        <div
          class="css-9bccu"
        >
          <button
            class="css-1f4nv0y"
          >
            New Preset
          </button>
          <div
            class="css-1jn33hb"
            data-testid="rna-preset-group"
          >
            <div
              class="css-14bnc38"
            />
          </div>
        </div>
      </div>
    </div>
  </div>
  <div
    class="css-1svedvx"
  >
    <div
      class="css-s4s9u"
    >
      <div
        class="css-75ynye"
        data-testid="summary-Sugars"
      >
        <svg
          class="css-1qr96ji"
          fill="none"
          height="20"
          stroke-width="2"
          viewBox="0 0 20 20"
          width="20"
          xmlns="http://www.w3.org/2000/svg"
        >
          <rect
            fill="currentColor"
            height="18"
            rx="1"
            width="18"
            x="1"
            y="1"
          />
        </svg>
        <span
          class="css-lqq9ua"
        >
          Sugars
           (
          0
          )
        </span>
        <svg
          class="css-x2ejol"
          fill="none"
          height="48"
          viewBox="0 0 48 48"
          width="48"
          xmlns="http://www.w3.org/2000/svg"
        >
          <path
            d="M24 33.23L9.782 19.012l2.828-2.828L24 27.574l11.388-11.39 2.83 2.828L24 33.23z"
            fill="#231F20"
          />
        </svg>
      </div>
    </div>
    <div
      class="css-4wpvad"
      data-testid="rna-accordion-details-Sugars"
    >
      <div
        class="css-9bccu"
      />
    </div>
  </div>
  <div
    class="css-1svedvx"
  >
    <div
      class="css-s4s9u"
    >
      <div
        class="css-75ynye"
        data-testid="summary-Bases"
      >
        <svg
          class="css-1qr96ji"
          fill="none"
          height="25"
          stroke-width="2"
          transform="translate(-3)"
          viewBox="0 0 26 25"
          width="26"
          xmlns="http://www.w3.org/2000/svg"
        >
          <rect
            fill="currentColor"
            height="15.013"
            rx="1"
            transform="rotate(45 13 1.414)"
            width="15.013"
            x="13"
            y="1.414"
          />
          <rect
            height="15.013"
            rx="1"
            stroke="currentColor"
            transform="rotate(45 13 1.414)"
            width="15.013"
            x="13"
            y="1.414"
          />
        </svg>
        <span
          class="css-lqq9ua"
        >
          Bases
           (
          0
          )
        </span>
        <svg
          class="css-x2ejol"
          fill="none"
          height="48"
          viewBox="0 0 48 48"
          width="48"
          xmlns="http://www.w3.org/2000/svg"
        >
          <path
            d="M24 33.23L9.782 19.012l2.828-2.828L24 27.574l11.388-11.39 2.83 2.828L24 33.23z"
            fill="#231F20"
          />
        </svg>
      </div>
    </div>
    <div
      class="css-4wpvad"
      data-testid="rna-accordion-details-Bases"
    >
      <div
        class="css-9bccu"
      />
    </div>
  </div>
  <div
    class="css-1svedvx"
  >
    <div
      class="css-s4s9u"
    >
      <div
        class="css-75ynye"
        data-testid="summary-Phosphates"
      >
        <svg
          class="css-1qr96ji"
          fill="none"
          height="24"
          stroke-width="2"
          transform="translate(-2)"
          viewBox="0 0 24 24"
          width="24"
          xmlns="http://www.w3.org/2000/svg"
        >
          <rect
            fill="currentColor"
            height="18"
            rx="9"
            width="18"
            x="3"
            y="3"
          />
          <rect
            height="18"
            rx="9"
            stroke="currentColor"
            width="18"
            x="3"
            y="3"
          />
        </svg>
        <span
          class="css-lqq9ua"
        >
          Phosphates
           (
          0
          )
        </span>
        <svg
          class="css-x2ejol"
          fill="none"
          height="48"
          viewBox="0 0 48 48"
          width="48"
          xmlns="http://www.w3.org/2000/svg"
        >
          <path
            d="M24 33.23L9.782 19.012l2.828-2.828L24 27.574l11.388-11.39 2.83 2.828L24 33.23z"
            fill="#231F20"
          />
        </svg>
      </div>
    </div>
    <div
      class="css-4wpvad"
      data-testid="rna-accordion-details-Phosphates"
    >
      <div
        class="css-9bccu"
      />
    </div>
  </div>
</div>
`;
