// Jest Snapshot v1, https://goo.gl/fbAQLP

exports[`Save Dialog should be rendered correctly should render opened file format dropdown when the closed dropdown is clicked 1`] = `
Object {
  "asFragment": [Function],
  "baseElement": <body
    style="padding-right: 1024px; overflow: hidden;"
  >
    <div
      aria-hidden="true"
    >
      <div
        class="dialog dialog"
        role="dialog"
        tabindex="-1"
      >
        <header
          class="header withDivider"
        >
          <span>
            Save Structure
          </span>
          <div
            class="btnContainer"
          >
            <button
              class="buttonTop"
            >
              <icon-close.svg
                classname="closeButton"
              />
            </button>
          </div>
        </header>
        <div
          class="body"
        >
          <div
            class="formContainer"
          >
            <form>
              <label
                class=""
              >
                <span>
                  File name:
                </span>
                <span
                  class="inputWrapper"
                >
                  <input
                    class="input genericInput"
                    name="filename"
                    type="text"
                    value=""
                  />
                </span>
              </label>
              <label
                class=""
              >
                <span>
                  File format:
                </span>
                <span
                  class="inputWrapper"
                >
                  <div
                    class="MuiInputBase-root MuiOutlinedInput-root MuiInputBase-colorPrimary Mui-focused selectContainer css-1yk1gt9-MuiInputBase-root-MuiOutlinedInput-root-MuiSelect-root"
                    data-testid="file-format-dropdown"
                  >
                    <div
                      aria-controls=":r0:"
                      aria-expanded="true"
                      aria-haspopup="listbox"
                      class="MuiSelect-select MuiSelect-outlined MuiInputBase-input MuiOutlinedInput-input css-11u53oe-MuiSelect-select-MuiInputBase-input-MuiOutlinedInput-input"
                      role="combobox"
                      tabindex="0"
                    >
                      MDL Molfile V2000
                    </div>
                    <input
                      aria-hidden="true"
                      aria-invalid="false"
                      class="MuiSelect-nativeInput css-yf8vq0-MuiSelect-nativeInput"
                      tabindex="-1"
                      value="mol"
                    />
                    <icon-chevron.svg
                      classname="MuiSelect-icon MuiSelect-iconOutlined MuiSelect-iconOpen css-10q54uo-MuiSelect-icon chevronIcon"
                    />
                    <fieldset
                      aria-hidden="true"
                      class="MuiOutlinedInput-notchedOutline css-1d3z3hw-MuiOutlinedInput-notchedOutline"
                    >
                      <legend
                        class="css-ihdtdm"
                      >
                        <span
                          class="notranslate"
                        >
                          â€‹
                        </span>
                      </legend>
                    </fieldset>
                  </div>
                </span>
              </label>
            </form>
            <div>
              <ul
                class="tabs"
                tabindex="0"
              >
                <li
                  class="tabs"
                >
                  <a
                    class="active"
                  >
                    Preview
                  </a>
                </li>
              </ul>
              <div>
                <div
                  class="previewBackground"
                >
                  <textarea
                    class="previewArea"
                    readonly=""
                  />
                </div>
              </div>
            </div>
          </div>
        </div>
        <footer
          class="footer"
        >
          <button
            class="saveTmpl"
            disabled=""
          >
            Save to Templates
          </button>
          <button
            class="cancel"
            mode="onCancel"
            type="button"
          >
            Cancel
          </button>
          <button
            class="ok"
            disabled=""
          >
            Save
          </button>
        </footer>
      </div>
    </div>
    <div
      class="MuiPopover-root MuiMenu-root dropdownList MuiModal-root css-10nakn3-MuiModal-root-MuiPopover-root-MuiMenu-root"
      id="menu-"
      role="presentation"
    >
      <div
        aria-hidden="true"
        class="MuiBackdrop-root MuiBackdrop-invisible MuiModal-backdrop css-g3hgs1-MuiBackdrop-root-MuiModal-backdrop"
        style="opacity: 1; webkit-transition: opacity 225ms cubic-bezier(0.4, 0, 0.2, 1) 0ms; transition: opacity 225ms cubic-bezier(0.4, 0, 0.2, 1) 0ms;"
      />
      <div
        data-testid="sentinelStart"
        tabindex="0"
      />
      <div
        class="MuiPaper-root MuiPaper-elevation MuiPaper-rounded MuiPaper-elevation8 MuiPopover-paper MuiMenu-paper MuiMenu-paper css-3dzjca-MuiPaper-root-MuiPopover-paper-MuiMenu-paper"
        style="opacity: 1; transform: scale(1, 1); min-width: 0; transition: opacity 0ms cubic-bezier(0.4, 0, 0.2, 1) 0ms,transform 0ms cubic-bezier(0.4, 0, 0.2, 1) 0ms; top: 16px; left: 16px; transform-origin: -16px -16px;"
        tabindex="-1"
      >
        <ul
          class="MuiList-root MuiList-padding MuiMenu-list css-6hp17o-MuiList-root-MuiMenu-list"
          id=":r0:"
          role="listbox"
          tabindex="-1"
        >
          <li
            aria-selected="false"
            class="MuiButtonBase-root MuiMenuItem-root MuiMenuItem-gutters MuiMenuItem-root MuiMenuItem-gutters css-kk1bwy-MuiButtonBase-root-MuiMenuItem-root"
            data-value="ket"
            role="option"
            tabindex="-1"
          >
            Ket Format
          </li>
          <li
            aria-selected="true"
            class="MuiButtonBase-root MuiMenuItem-root MuiMenuItem-gutters Mui-selected MuiMenuItem-root MuiMenuItem-gutters Mui-selected css-kk1bwy-MuiButtonBase-root-MuiMenuItem-root"
            data-value="mol"
            role="option"
            tabindex="0"
          >
            MDL Molfile V2000
          </li>
          <li
            aria-selected="false"
            class="MuiButtonBase-root MuiMenuItem-root MuiMenuItem-gutters MuiMenuItem-root MuiMenuItem-gutters css-kk1bwy-MuiButtonBase-root-MuiMenuItem-root"
            data-value="molV3000"
            role="option"
            tabindex="-1"
          >
            MDL Molfile V3000
          </li>
          <li
            aria-selected="false"
            class="MuiButtonBase-root MuiMenuItem-root MuiMenuItem-gutters MuiMenuItem-root MuiMenuItem-gutters css-kk1bwy-MuiButtonBase-root-MuiMenuItem-root"
            data-value="sdf"
            role="option"
            tabindex="-1"
          >
            SDF V2000
          </li>
          <li
            aria-selected="false"
            class="MuiButtonBase-root MuiMenuItem-root MuiMenuItem-gutters MuiMenuItem-root MuiMenuItem-gutters css-kk1bwy-MuiButtonBase-root-MuiMenuItem-root"
            data-value="sdfV3000"
            role="option"
            tabindex="-1"
          >
            SDF V3000
          </li>
          <li
            aria-selected="false"
            class="MuiButtonBase-root MuiMenuItem-root MuiMenuItem-gutters MuiMenuItem-root MuiMenuItem-gutters css-kk1bwy-MuiButtonBase-root-MuiMenuItem-root"
            data-value="smarts"
            role="option"
            tabindex="-1"
          >
            Daylight SMARTS
          </li>
          <li
            aria-selected="false"
            class="MuiButtonBase-root MuiMenuItem-root MuiMenuItem-gutters MuiMenuItem-root MuiMenuItem-gutters css-kk1bwy-MuiButtonBase-root-MuiMenuItem-root"
            data-value="smiles"
            role="option"
            tabindex="-1"
          >
            Daylight SMILES
          </li>
          <li
            aria-selected="false"
            class="MuiButtonBase-root MuiMenuItem-root MuiMenuItem-gutters MuiMenuItem-root MuiMenuItem-gutters css-kk1bwy-MuiButtonBase-root-MuiMenuItem-root"
            data-value="smilesExt"
            role="option"
            tabindex="-1"
          >
            Extended SMILES
          </li>
          <li
            aria-selected="false"
            class="MuiButtonBase-root MuiMenuItem-root MuiMenuItem-gutters MuiMenuItem-root MuiMenuItem-gutters css-kk1bwy-MuiButtonBase-root-MuiMenuItem-root"
            data-value="cml"
            role="option"
            tabindex="-1"
          >
            CML
          </li>
          <hr
            aria-selected="false"
            class="MuiDivider-root MuiDivider-fullWidth listDivider css-9mgopn-MuiDivider-root"
            role="option"
          />
          <li
            aria-selected="false"
            class="MuiButtonBase-root MuiMenuItem-root MuiMenuItem-gutters MuiMenuItem-root MuiMenuItem-gutters css-kk1bwy-MuiButtonBase-root-MuiMenuItem-root"
            data-value="inChI"
            role="option"
            tabindex="-1"
          >
            InChI
          </li>
          <li
            aria-selected="false"
            class="MuiButtonBase-root MuiMenuItem-root MuiMenuItem-gutters MuiMenuItem-root MuiMenuItem-gutters css-kk1bwy-MuiButtonBase-root-MuiMenuItem-root"
            data-value="inChIAuxInfo"
            role="option"
            tabindex="-1"
          >
            InChI AuxInfo
          </li>
          <li
            aria-selected="false"
            class="MuiButtonBase-root MuiMenuItem-root MuiMenuItem-gutters MuiMenuItem-root MuiMenuItem-gutters css-kk1bwy-MuiButtonBase-root-MuiMenuItem-root"
            data-value="inChIKey"
            role="option"
            tabindex="-1"
          >
            InChIKey
          </li>
          <hr
            aria-selected="false"
            class="MuiDivider-root MuiDivider-fullWidth listDivider css-9mgopn-MuiDivider-root"
            role="option"
          />
          <li
            aria-selected="false"
            class="MuiButtonBase-root MuiMenuItem-root MuiMenuItem-gutters MuiMenuItem-root MuiMenuItem-gutters css-kk1bwy-MuiButtonBase-root-MuiMenuItem-root"
            data-value="svg"
            role="option"
            tabindex="-1"
          >
            SVG Document
          </li>
          <li
            aria-selected="false"
            class="MuiButtonBase-root MuiMenuItem-root MuiMenuItem-gutters MuiMenuItem-root MuiMenuItem-gutters css-kk1bwy-MuiButtonBase-root-MuiMenuItem-root"
            data-value="png"
            role="option"
            tabindex="-1"
          >
            PNG Image
          </li>
          <li
            aria-selected="false"
            class="MuiButtonBase-root MuiMenuItem-root MuiMenuItem-gutters MuiMenuItem-root MuiMenuItem-gutters css-kk1bwy-MuiButtonBase-root-MuiMenuItem-root"
            data-value="cdxml"
            role="option"
            tabindex="-1"
          >
            CDXML
          </li>
          <li
            aria-selected="false"
            class="MuiButtonBase-root MuiMenuItem-root MuiMenuItem-gutters MuiMenuItem-root MuiMenuItem-gutters css-kk1bwy-MuiButtonBase-root-MuiMenuItem-root"
            data-value="cdx"
            role="option"
            tabindex="-1"
          >
            Base64 CDX
          </li>
          <li
            aria-selected="false"
            class="MuiButtonBase-root MuiMenuItem-root MuiMenuItem-gutters MuiMenuItem-root MuiMenuItem-gutters css-kk1bwy-MuiButtonBase-root-MuiMenuItem-root"
            data-value="binaryCdx"
            role="option"
            tabindex="-1"
          >
            CDX
          </li>
        </ul>
      </div>
      <div
        data-testid="sentinelEnd"
        tabindex="0"
      />
    </div>
  </body>,
  "container": <div
    aria-hidden="true"
  >
    <div
      class="dialog dialog"
      role="dialog"
      tabindex="-1"
    >
      <header
        class="header withDivider"
      >
        <span>
          Save Structure
        </span>
        <div
          class="btnContainer"
        >
          <button
            class="buttonTop"
          >
            <icon-close.svg
              classname="closeButton"
            />
          </button>
        </div>
      </header>
      <div
        class="body"
      >
        <div
          class="formContainer"
        >
          <form>
            <label
              class=""
            >
              <span>
                File name:
              </span>
              <span
                class="inputWrapper"
              >
                <input
                  class="input genericInput"
                  name="filename"
                  type="text"
                  value=""
                />
              </span>
            </label>
            <label
              class=""
            >
              <span>
                File format:
              </span>
              <span
                class="inputWrapper"
              >
                <div
                  class="MuiInputBase-root MuiOutlinedInput-root MuiInputBase-colorPrimary Mui-focused selectContainer css-1yk1gt9-MuiInputBase-root-MuiOutlinedInput-root-MuiSelect-root"
                  data-testid="file-format-dropdown"
                >
                  <div
                    aria-controls=":r0:"
                    aria-expanded="true"
                    aria-haspopup="listbox"
                    class="MuiSelect-select MuiSelect-outlined MuiInputBase-input MuiOutlinedInput-input css-11u53oe-MuiSelect-select-MuiInputBase-input-MuiOutlinedInput-input"
                    role="combobox"
                    tabindex="0"
                  >
                    MDL Molfile V2000
                  </div>
                  <input
                    aria-hidden="true"
                    aria-invalid="false"
                    class="MuiSelect-nativeInput css-yf8vq0-MuiSelect-nativeInput"
                    tabindex="-1"
                    value="mol"
                  />
                  <icon-chevron.svg
                    classname="MuiSelect-icon MuiSelect-iconOutlined MuiSelect-iconOpen css-10q54uo-MuiSelect-icon chevronIcon"
                  />
                  <fieldset
                    aria-hidden="true"
                    class="MuiOutlinedInput-notchedOutline css-1d3z3hw-MuiOutlinedInput-notchedOutline"
                  >
                    <legend
                      class="css-ihdtdm"
                    >
                      <span
                        class="notranslate"
                      >
                        â€‹
                      </span>
                    </legend>
                  </fieldset>
                </div>
              </span>
            </label>
          </form>
          <div>
            <ul
              class="tabs"
              tabindex="0"
            >
              <li
                class="tabs"
              >
                <a
                  class="active"
                >
                  Preview
                </a>
              </li>
            </ul>
            <div>
              <div
                class="previewBackground"
              >
                <textarea
                  class="previewArea"
                  readonly=""
                />
              </div>
            </div>
          </div>
        </div>
      </div>
      <footer
        class="footer"
      >
        <button
          class="saveTmpl"
          disabled=""
        >
          Save to Templates
        </button>
        <button
          class="cancel"
          mode="onCancel"
          type="button"
        >
          Cancel
        </button>
        <button
          class="ok"
          disabled=""
        >
          Save
        </button>
      </footer>
    </div>
  </div>,
  "debug": [Function],
  "findAllByAltText": [Function],
  "findAllByDisplayValue": [Function],
  "findAllByLabelText": [Function],
  "findAllByPlaceholderText": [Function],
  "findAllByRole": [Function],
  "findAllByTestId": [Function],
  "findAllByText": [Function],
  "findAllByTitle": [Function],
  "findByAltText": [Function],
  "findByDisplayValue": [Function],
  "findByLabelText": [Function],
  "findByPlaceholderText": [Function],
  "findByRole": [Function],
  "findByTestId": [Function],
  "findByText": [Function],
  "findByTitle": [Function],
  "getAllByAltText": [Function],
  "getAllByDisplayValue": [Function],
  "getAllByLabelText": [Function],
  "getAllByPlaceholderText": [Function],
  "getAllByRole": [Function],
  "getAllByTestId": [Function],
  "getAllByText": [Function],
  "getAllByTitle": [Function],
  "getByAltText": [Function],
  "getByDisplayValue": [Function],
  "getByLabelText": [Function],
  "getByPlaceholderText": [Function],
  "getByRole": [Function],
  "getByTestId": [Function],
  "getByText": [Function],
  "getByTitle": [Function],
  "queryAllByAltText": [Function],
  "queryAllByDisplayValue": [Function],
  "queryAllByLabelText": [Function],
  "queryAllByPlaceholderText": [Function],
  "queryAllByRole": [Function],
  "queryAllByTestId": [Function],
  "queryAllByText": [Function],
  "queryAllByTitle": [Function],
  "queryByAltText": [Function],
  "queryByDisplayValue": [Function],
  "queryByLabelText": [Function],
  "queryByPlaceholderText": [Function],
  "queryByRole": [Function],
  "queryByTestId": [Function],
  "queryByText": [Function],
  "queryByTitle": [Function],
  "rerender": [Function],
  "unmount": [Function],
}
`;
